Archive member included to satisfy reference by file (symbol)

/usr/lib/gcc/arm-none-eabi/7.3.1/thumb/v6-m/libgcc.a(_dvmd_tls.o)
                              CMakeFiles/puzzle.dir/home/pi/pico/pico-sdk/src/rp2_common/pico_divider/divider.S.obj (__aeabi_idiv0)
/usr/lib/gcc/arm-none-eabi/7.3.1/../../../arm-none-eabi/lib/thumb/v6-m/libc.a(lib_a-atexit.o)
                              /usr/lib/gcc/arm-none-eabi/7.3.1/../../../arm-none-eabi/lib/thumb/v6-m/crt0.o (atexit)
/usr/lib/gcc/arm-none-eabi/7.3.1/../../../arm-none-eabi/lib/thumb/v6-m/libc.a(lib_a-calloc.o)
                              CMakeFiles/puzzle.dir/home/pi/pico/pico-sdk/src/rp2_common/pico_malloc/pico_malloc.c.obj (calloc)
/usr/lib/gcc/arm-none-eabi/7.3.1/../../../arm-none-eabi/lib/thumb/v6-m/libc.a(lib_a-callocr.o)
                              /usr/lib/gcc/arm-none-eabi/7.3.1/../../../arm-none-eabi/lib/thumb/v6-m/libc.a(lib_a-calloc.o) (_calloc_r)
/usr/lib/gcc/arm-none-eabi/7.3.1/../../../arm-none-eabi/lib/thumb/v6-m/libc.a(lib_a-fini.o)
                              /usr/lib/gcc/arm-none-eabi/7.3.1/../../../arm-none-eabi/lib/thumb/v6-m/crt0.o (__libc_fini_array)
/usr/lib/gcc/arm-none-eabi/7.3.1/../../../arm-none-eabi/lib/thumb/v6-m/libc.a(lib_a-impure.o)
                              /usr/lib/gcc/arm-none-eabi/7.3.1/../../../arm-none-eabi/lib/thumb/v6-m/libc.a(lib_a-calloc.o) (_impure_ptr)
/usr/lib/gcc/arm-none-eabi/7.3.1/../../../arm-none-eabi/lib/thumb/v6-m/libc.a(lib_a-init.o)
                              /usr/lib/gcc/arm-none-eabi/7.3.1/../../../arm-none-eabi/lib/thumb/v6-m/crt0.o (__libc_init_array)
/usr/lib/gcc/arm-none-eabi/7.3.1/../../../arm-none-eabi/lib/thumb/v6-m/libc.a(lib_a-malloc.o)
                              CMakeFiles/puzzle.dir/home/pi/pico/pico-sdk/src/rp2_common/pico_malloc/pico_malloc.c.obj (malloc)
/usr/lib/gcc/arm-none-eabi/7.3.1/../../../arm-none-eabi/lib/thumb/v6-m/libc.a(lib_a-mallocr.o)
                              /usr/lib/gcc/arm-none-eabi/7.3.1/../../../arm-none-eabi/lib/thumb/v6-m/libc.a(lib_a-callocr.o) (_malloc_r)
/usr/lib/gcc/arm-none-eabi/7.3.1/../../../arm-none-eabi/lib/thumb/v6-m/libc.a(lib_a-mlock.o)
                              /usr/lib/gcc/arm-none-eabi/7.3.1/../../../arm-none-eabi/lib/thumb/v6-m/libc.a(lib_a-mallocr.o) (__malloc_lock)
/usr/lib/gcc/arm-none-eabi/7.3.1/../../../arm-none-eabi/lib/thumb/v6-m/libc.a(lib_a-sbrkr.o)
                              /usr/lib/gcc/arm-none-eabi/7.3.1/../../../arm-none-eabi/lib/thumb/v6-m/libc.a(lib_a-mallocr.o) (_sbrk_r)
/usr/lib/gcc/arm-none-eabi/7.3.1/../../../arm-none-eabi/lib/thumb/v6-m/libc.a(lib_a-strlen-stub.o)
                              CMakeFiles/puzzle.dir/home/pi/pico/pico-sdk/src/rp2_common/pico_stdio/stdio.c.obj (strlen)
/usr/lib/gcc/arm-none-eabi/7.3.1/../../../arm-none-eabi/lib/thumb/v6-m/libc.a(lib_a-__atexit.o)
                              /usr/lib/gcc/arm-none-eabi/7.3.1/../../../arm-none-eabi/lib/thumb/v6-m/libc.a(lib_a-atexit.o) (__register_exitproc)
/usr/lib/gcc/arm-none-eabi/7.3.1/../../../arm-none-eabi/lib/thumb/v6-m/libc.a(lib_a-freer.o)
                              /usr/lib/gcc/arm-none-eabi/7.3.1/../../../arm-none-eabi/lib/thumb/v6-m/libc.a(lib_a-malloc.o) (_free_r)
/usr/lib/gcc/arm-none-eabi/7.3.1/../../../arm-none-eabi/lib/thumb/v6-m/libc.a(lib_a-reent.o)
                              /usr/lib/gcc/arm-none-eabi/7.3.1/../../../arm-none-eabi/lib/thumb/v6-m/libc.a(lib_a-sbrkr.o) (errno)

Allocating common symbols
Common symbol       size              file

sf_table            0x100             CMakeFiles/puzzle.dir/home/pi/pico/pico-sdk/src/rp2_common/pico_float/float_init_rom.c.obj
errno               0x4               /usr/lib/gcc/arm-none-eabi/7.3.1/../../../arm-none-eabi/lib/thumb/v6-m/libc.a(lib_a-reent.o)
_usbd_qdef_buf      0xc0              CMakeFiles/puzzle.dir/home/pi/pico/pico-sdk/lib/tinyusb/src/device/usbd.c.obj
sf_clz_func         0x4               CMakeFiles/puzzle.dir/home/pi/pico/pico-sdk/src/rp2_common/pico_float/float_init_rom.c.obj
LED                 0x64              CMakeFiles/puzzle.dir/puzzle.c.obj
sd_table            0x100             CMakeFiles/puzzle.dir/home/pi/pico/pico-sdk/src/rp2_common/pico_double/double_init_rom.c.obj
uart_char_to_line_feed
                    0x4               CMakeFiles/puzzle.dir/home/pi/pico/pico-sdk/src/rp2_common/hardware_uart/uart.c.obj

Discarded input sections

 .text          0x00000000        0x0 /usr/lib/gcc/arm-none-eabi/7.3.1/thumb/v6-m/crti.o
 .data          0x00000000        0x0 /usr/lib/gcc/arm-none-eabi/7.3.1/thumb/v6-m/crti.o
 .bss           0x00000000        0x0 /usr/lib/gcc/arm-none-eabi/7.3.1/thumb/v6-m/crti.o
 .data          0x00000000        0x4 /usr/lib/gcc/arm-none-eabi/7.3.1/thumb/v6-m/crtbegin.o
 .fini_array    0x00000000        0x4 /usr/lib/gcc/arm-none-eabi/7.3.1/thumb/v6-m/crtbegin.o
 .text          0x00000000       0x6c /usr/lib/gcc/arm-none-eabi/7.3.1/../../../arm-none-eabi/lib/thumb/v6-m/crt0.o
[...]
Memory Configuration

Name             Origin             Length             Attributes
FLASH            0x10000000         0x00200000         xr
RAM              0x20000000         0x00040000         xrw
SCRATCH_X        0x20040000         0x00001000         xrw
SCRATCH_Y        0x20041000         0x00001000         xrw
*default*        0x00000000         0xffffffff

Linker script and memory map

LOAD /usr/lib/gcc/arm-none-eabi/7.3.1/thumb/v6-m/crti.o
LOAD /usr/lib/gcc/arm-none-eabi/7.3.1/thumb/v6-m/crtbegin.o
LOAD /usr/lib/gcc/arm-none-eabi/7.3.1/../../../arm-none-eabi/lib/thumb/v6-m/crt0.o

.flash_begin    0x10000000        0x0
                0x10000000                __flash_binary_start = .

.boot2          0x10000000      0x100
                0x10000000                __boot2_start__ = .
 *(.boot2)
 .boot2         0x10000000      0x100 /tmp/ccObzMSN.o
                0x10000100                __boot2_end__ = .
                0x00000001                ASSERT (((__boot2_end__ - __boot2_start__) == 0x100), ERROR: Pico second stage bootloader must be 256 bytes in size)

.text           0x10000100     0x97d0
                0x10000100                __logical_binary_start = .
 *(.vectors)
 .vectors       0x10000100       0xd4 CMakeFiles/puzzle.dir/home/pi/pico/pico-sdk/src/rp2_common/pico_standard_link/crt0.S.obj
                0x10000100                __vectors
                0x100001c0                isr_invalid
                0x100001c2                isr_nmi
                0x100001c4                isr_hardfault
                0x100001c6                isr_svcall
                0x100001c8                isr_pendsv
                0x100001ca                isr_systick
                0x100001cc                isr_irq30
                0x100001cc                __unhandled_user_irq
                0x100001cc                isr_irq13
                0x100001cc                isr_irq27
                0x100001cc                isr_irq31
                0x100001cc                isr_irq5
                0x100001cc                isr_irq11
                0x100001cc                isr_irq23
                0x100001cc                isr_irq18
                0x100001cc                isr_irq28
                0x100001cc                isr_irq19
                0x100001cc                isr_irq0
                0x100001cc                isr_irq6
                0x100001cc                isr_irq22
                0x100001cc                isr_irq17
                0x100001cc                isr_irq14
                0x100001cc                isr_irq2
                0x100001cc                isr_irq10
                0x100001cc                isr_irq8
                0x100001cc                isr_irq24
                0x100001cc                isr_irq1
                0x100001cc                isr_irq7
                0x100001cc                isr_irq21
                0x100001cc                isr_irq20
                0x100001cc                isr_irq15
                0x100001cc                isr_irq25
                0x100001cc                isr_irq4
                0x100001cc                isr_irq16
                0x100001cc                isr_irq29
                0x100001cc                isr_irq26
                0x100001cc                isr_irq3
                0x100001cc                isr_irq12
                0x100001cc                isr_irq9
                0x100001d2                unhandled_user_irq_num_in_r0
 *(.binary_info_header)
 .binary_info_header
                0x100001d4       0x14 CMakeFiles/puzzle.dir/home/pi/pico/pico-sdk/src/rp2_common/pico_standard_link/crt0.S.obj
                0x100001e8                __binary_info_header_end = .
 *(.reset)
 .reset         0x100001e8       0xa8 CMakeFiles/puzzle.dir/home/pi/pico/pico-sdk/src/rp2_common/pico_standard_link/crt0.S.obj
                0x100001e8                _entry_point
                0x10000266                __get_current_exception
 .reset         0x10000290       0x30 CMakeFiles/puzzle.dir/home/pi/pico/pico-sdk/src/rp2_common/pico_standard_link/binary_info.c.obj
 *(.init)
 .init          0x100002c0        0x4 /usr/lib/gcc/arm-none-eabi/7.3.1/thumb/v6-m/crti.o
                0x100002c0                _init
 *(EXCLUDE_FILE(*libm.a: *libc.a:*lib_a-mem*.o *libgcc.a:) .text*)
 .text          0x100002c4       0x98 /usr/lib/gcc/arm-none-eabi/7.3.1/thumb/v6-m/crtbegin.o
 .text.startup.main
                0x1000035c     0x1d88 CMakeFiles/puzzle.dir/puzzle.c.obj
                0x1000035c                main
 .text.gpio_set_function
                0x100020e4       0x30 CMakeFiles/puzzle.dir/home/pi/pico/pico-sdk/src/rp2_common/hardware_gpio/gpio.c.obj
                0x100020e4                gpio_set_function
 .text.gpio_set_pulls
                0x10002114       0x34 CMakeFiles/puzzle.dir/home/pi/pico/pico-sdk/src/rp2_common/hardware_gpio/gpio.c.obj
                0x10002114                gpio_set_pulls
 .text.gpio_set_input_enabled
                0x10002148       0x28 CMakeFiles/puzzle.dir/home/pi/pico/pico-sdk/src/rp2_common/hardware_gpio/gpio.c.obj
                0x10002148                gpio_set_input_enabled
 .text.gpio_init
                0x10002170       0x3c CMakeFiles/puzzle.dir/home/pi/pico/pico-sdk/src/rp2_common/hardware_gpio/gpio.c.obj
                0x10002170                gpio_init
 .text.hw_claim_or_assert
                0x100021ac       0x44 CMakeFiles/puzzle.dir/home/pi/pico/pico-sdk/src/rp2_common/hardware_claim/claim.c.obj
                0x100021ac                hw_claim_or_assert
 .text.hw_claim_unused_from_range
                0x100021f0       0x9c CMakeFiles/puzzle.dir/home/pi/pico/pico-sdk/src/rp2_common/hardware_claim/claim.c.obj
                0x100021f0                hw_claim_unused_from_range
 .text.spin_locks_reset
                0x1000228c       0x1c CMakeFiles/puzzle.dir/home/pi/pico/pico-sdk/src/rp2_common/hardware_sync/sync.c.obj
                0x1000228c                spin_locks_reset
 .text.next_striped_spin_lock_num
                0x100022a8       0x18 CMakeFiles/puzzle.dir/home/pi/pico/pico-sdk/src/rp2_common/hardware_sync/sync.c.obj
                0x100022a8                next_striped_spin_lock_num
 .text.spin_lock_claim_unused
                0x100022c0       0x20 CMakeFiles/puzzle.dir/home/pi/pico/pico-sdk/src/rp2_common/hardware_sync/sync.c.obj
                0x100022c0                spin_lock_claim_unused
 .text.running_on_fpga
                0x100022e0       0x10 CMakeFiles/puzzle.dir/home/pi/pico/pico-sdk/src/rp2_common/pico_platform/platform.c.obj
                0x100022e0                running_on_fpga
 .text.timer_pool_entry_comparator
                0x100022f0       0x34 CMakeFiles/puzzle.dir/home/pi/pico/pico-sdk/src/common/pico_time/time.c.obj
                0x100022f0                timer_pool_entry_comparator
 .text.sev_callback
                0x10002324        0x8 CMakeFiles/puzzle.dir/home/pi/pico/pico-sdk/src/common/pico_time/time.c.obj
 .text.add_alarm_under_lock
                0x1000232c      0x118 CMakeFiles/puzzle.dir/home/pi/pico/pico-sdk/src/common/pico_time/time.c.obj
 .text.alarm_pool_alarm_callback
                0x10002444      0x1dc CMakeFiles/puzzle.dir/home/pi/pico/pico-sdk/src/common/pico_time/time.c.obj
 .text.alarm_pool_init_default
                0x10002620       0x78 CMakeFiles/puzzle.dir/home/pi/pico/pico-sdk/src/common/pico_time/time.c.obj
                0x10002620                alarm_pool_init_default
 .text.alarm_pool_get_default
                0x10002698        0xc CMakeFiles/puzzle.dir/home/pi/pico/pico-sdk/src/common/pico_time/time.c.obj
                0x10002698                alarm_pool_get_default
 .text.alarm_pool_add_alarm_at
                0x100026a4      0x198 CMakeFiles/puzzle.dir/home/pi/pico/pico-sdk/src/common/pico_time/time.c.obj
                0x100026a4                alarm_pool_add_alarm_at
 .text.sleep_until
                0x1000283c      0x1b0 CMakeFiles/puzzle.dir/home/pi/pico/pico-sdk/src/common/pico_time/time.c.obj
                0x1000283c                sleep_until
 .text.sleep_us
                0x100029ec       0x30 CMakeFiles/puzzle.dir/home/pi/pico/pico-sdk/src/common/pico_time/time.c.obj
                0x100029ec                sleep_us
 .text.sleep_ms
                0x10002a1c       0x38 CMakeFiles/puzzle.dir/home/pi/pico/pico-sdk/src/common/pico_time/time.c.obj
                0x10002a1c                sleep_ms
 .text.best_effort_wfe_or_timeout
                0x10002a54      0x1d0 CMakeFiles/puzzle.dir/home/pi/pico/pico-sdk/src/common/pico_time/time.c.obj
                0x10002a54                best_effort_wfe_or_timeout
 .text.hardware_alarm_irq_handler
                0x10002c24       0xb0 CMakeFiles/puzzle.dir/home/pi/pico/pico-sdk/src/rp2_common/hardware_timer/timer.c.obj
 .text.hardware_alarm_claim
                0x10002cd4       0x18 CMakeFiles/puzzle.dir/home/pi/pico/pico-sdk/src/rp2_common/hardware_timer/timer.c.obj
                0x10002cd4                hardware_alarm_claim
 .text.time_us_64
                0x10002cec       0x18 CMakeFiles/puzzle.dir/home/pi/pico/pico-sdk/src/rp2_common/hardware_timer/timer.c.obj
                0x10002cec                time_us_64
 .text.busy_wait_until
                0x10002d04       0x20 CMakeFiles/puzzle.dir/home/pi/pico/pico-sdk/src/rp2_common/hardware_timer/timer.c.obj
                0x10002d04                busy_wait_until
 .text.hardware_alarm_set_callback
                0x10002d24       0x8c CMakeFiles/puzzle.dir/home/pi/pico/pico-sdk/src/rp2_common/hardware_timer/timer.c.obj
                0x10002d24                hardware_alarm_set_callback
 .text.hardware_alarm_set_target
                0x10002db0       0xb4 CMakeFiles/puzzle.dir/home/pi/pico/pico-sdk/src/rp2_common/hardware_timer/timer.c.obj
                0x10002db0                hardware_alarm_set_target
 .text.hardware_alarm_cancel
                0x10002e64       0x40 CMakeFiles/puzzle.dir/home/pi/pico/pico-sdk/src/rp2_common/hardware_timer/timer.c.obj
                0x10002e64                hardware_alarm_cancel
 .text.lock_init
                0x10002ea4       0x10 CMakeFiles/puzzle.dir/home/pi/pico/pico-sdk/src/common/pico_sync/lock_core.c.obj
                0x10002ea4                lock_init
 .text.mutex_init
                0x10002eb4       0x1c CMakeFiles/puzzle.dir/home/pi/pico/pico-sdk/src/common/pico_sync/mutex.c.obj
                0x10002eb4                mutex_init
 .text.critical_section_init
                0x10002ed0       0x18 CMakeFiles/puzzle.dir/home/pi/pico/pico-sdk/src/common/pico_sync/critical_section.c.obj
                0x10002ed0                critical_section_init
 .text.ph_merge_two_pass.part.3
                0x10002ee8       0xcc CMakeFiles/puzzle.dir/home/pi/pico/pico-sdk/src/common/pico_util/pheap.c.obj
 .text.ph_create
                0x10002fb4       0x60 CMakeFiles/puzzle.dir/home/pi/pico/pico-sdk/src/common/pico_util/pheap.c.obj
                0x10002fb4                ph_create
 .text.ph_remove_head_reserve
                0x10003014      0x158 CMakeFiles/puzzle.dir/home/pi/pico/pico-sdk/src/common/pico_util/pheap.c.obj
                0x10003014                ph_remove_head_reserve
 .text.ph_delete
                0x1000316c      0x340 CMakeFiles/puzzle.dir/home/pi/pico/pico-sdk/src/common/pico_util/pheap.c.obj
                0x1000316c                ph_delete
 .text.runtime_init
                0x100034ac       0xec CMakeFiles/puzzle.dir/home/pi/pico/pico-sdk/src/rp2_common/pico_runtime/runtime.c.obj
                0x100034ac                runtime_init
 .text._sbrk    0x10003598       0x34 CMakeFiles/puzzle.dir/home/pi/pico/pico-sdk/src/rp2_common/pico_runtime/runtime.c.obj
                0x10003598                _sbrk
 .text.exit     0x100035cc        0x4 CMakeFiles/puzzle.dir/home/pi/pico/pico-sdk/src/rp2_common/pico_runtime/runtime.c.obj
                0x100035cc                exit
 .text.panic    0x100035d0       0x30 CMakeFiles/puzzle.dir/home/pi/pico/pico-sdk/src/rp2_common/pico_runtime/runtime.c.obj
                0x100035d0                panic
 .text.hard_assertion_failure
                0x10003600        0xc CMakeFiles/puzzle.dir/home/pi/pico/pico-sdk/src/rp2_common/pico_runtime/runtime.c.obj
                0x10003600                hard_assertion_failure
 .text.clocks_init
                0x1000360c      0x2ec CMakeFiles/puzzle.dir/home/pi/pico/pico-sdk/src/rp2_common/hardware_clocks/clocks.c.obj
                0x1000360c                clocks_init
 .text.watchdog_start_tick
                0x100038f8       0x10 CMakeFiles/puzzle.dir/home/pi/pico/pico-sdk/src/rp2_common/hardware_watchdog/watchdog.c.obj
                0x100038f8                watchdog_start_tick
 .text.xosc_init
                0x10003908       0x28 CMakeFiles/puzzle.dir/home/pi/pico/pico-sdk/src/rp2_common/hardware_xosc/xosc.c.obj
                0x10003908                xosc_init
 .text.pll_init
                0x10003930       0x54 CMakeFiles/puzzle.dir/home/pi/pico/pico-sdk/src/rp2_common/hardware_pll/pll.c.obj
                0x10003930                pll_init
 .text.irq_set_enabled
                0x10003984       0x24 CMakeFiles/puzzle.dir/home/pi/pico/pico-sdk/src/rp2_common/hardware_irq/irq.c.obj
                0x10003984                irq_set_enabled
 .text.irq_set_pending
                0x100039a8       0x10 CMakeFiles/puzzle.dir/home/pi/pico/pico-sdk/src/rp2_common/hardware_irq/irq.c.obj
                0x100039a8                irq_set_pending
 .text.irq_get_vtable_handler
                0x100039b8       0x10 CMakeFiles/puzzle.dir/home/pi/pico/pico-sdk/src/rp2_common/hardware_irq/irq.c.obj
                0x100039b8                irq_get_vtable_handler
 .text.irq_set_exclusive_handler
                0x100039c8       0x54 CMakeFiles/puzzle.dir/home/pi/pico/pico-sdk/src/rp2_common/hardware_irq/irq.c.obj
                0x100039c8                irq_set_exclusive_handler
 .text.irq_remove_handler
                0x10003a1c      0x1c8 CMakeFiles/puzzle.dir/home/pi/pico/pico-sdk/src/rp2_common/hardware_irq/irq.c.obj
                0x10003a1c                irq_remove_handler
 .text.irq_add_tail_to_free_list
                0x10003be4       0xbc CMakeFiles/puzzle.dir/home/pi/pico/pico-sdk/src/rp2_common/hardware_irq/irq.c.obj
                0x10003be4                irq_add_tail_to_free_list
 .text.irq_init_priorities
                0x10003ca0       0x38 CMakeFiles/puzzle.dir/home/pi/pico/pico-sdk/src/rp2_common/hardware_irq/irq.c.obj
                0x10003ca0                irq_init_priorities
 .text._out_null
                0x10003cd8        0x4 CMakeFiles/puzzle.dir/home/pi/pico/pico-sdk/src/rp2_common/pico_printf/printf.c.obj
 .text._out_fct
                0x10003cdc       0x10 CMakeFiles/puzzle.dir/home/pi/pico/pico-sdk/src/rp2_common/pico_printf/printf.c.obj
 .text._out_char
                0x10003cec        0xc CMakeFiles/puzzle.dir/home/pi/pico/pico-sdk/src/rp2_common/pico_printf/printf.c.obj
 .text._ntoa_format
                0x10003cf8      0x270 CMakeFiles/puzzle.dir/home/pi/pico/pico-sdk/src/rp2_common/pico_printf/printf.c.obj
 .text._ftoa    0x10003f68      0x6f8 CMakeFiles/puzzle.dir/home/pi/pico/pico-sdk/src/rp2_common/pico_printf/printf.c.obj
 .text._etoa.part.0
                0x10004660      0x99c CMakeFiles/puzzle.dir/home/pi/pico/pico-sdk/src/rp2_common/pico_printf/printf.c.obj
 .text._vsnprintf
                0x10004ffc      0xa24 CMakeFiles/puzzle.dir/home/pi/pico/pico-sdk/src/rp2_common/pico_printf/printf.c.obj
 .text.vfctprintf
                0x10005a20       0x20 CMakeFiles/puzzle.dir/home/pi/pico/pico-sdk/src/rp2_common/pico_printf/printf.c.obj
                0x10005a20                vfctprintf
 .text.weak_raw_vprintf
                0x10005a40       0x30 CMakeFiles/puzzle.dir/home/pi/pico/pico-sdk/src/rp2_common/pico_printf/printf.c.obj
                0x10005a40                weak_raw_vprintf
 .text          0x10005a70       0x10 CMakeFiles/puzzle.dir/home/pi/pico/pico-sdk/src/rp2_common/pico_bit_ops/bit_ops_aeabi.S.obj
 .text.rom_func_lookup
                0x10005a80       0x10 CMakeFiles/puzzle.dir/home/pi/pico/pico-sdk/src/rp2_common/pico_bootrom/bootrom.c.obj
                0x10005a80                rom_func_lookup
 .text.rom_data_lookup
                0x10005a90       0x10 CMakeFiles/puzzle.dir/home/pi/pico/pico-sdk/src/rp2_common/pico_bootrom/bootrom.c.obj
                0x10005a90                rom_data_lookup
 .text.rom_funcs_lookup
                0x10005aa0       0x3c CMakeFiles/puzzle.dir/home/pi/pico/pico-sdk/src/rp2_common/pico_bootrom/bootrom.c.obj
                0x10005aa0                rom_funcs_lookup
 .text.__wrap___aeabi_idiv
                0x10005adc       0x58 CMakeFiles/puzzle.dir/home/pi/pico/pico-sdk/src/rp2_common/pico_divider/divider.S.obj
                0x10005adc                __wrap___aeabi_idivmod
                0x10005adc                divmod_s32s32
                0x10005adc                div_s32s32
                0x10005adc                __wrap___aeabi_idiv
                0x10005ae4                divmod_s32s32_unsafe
                0x10005b10                divmod_s32s32_savestate
 .text.__wrap___aeabi_uidiv
                0x10005b34       0x54 CMakeFiles/puzzle.dir/home/pi/pico/pico-sdk/src/rp2_common/pico_divider/divider.S.obj
                0x10005b34                __wrap___aeabi_uidiv
                0x10005b34                __wrap___aeabi_uidivmod
                0x10005b34                div_u32u32
                0x10005b34                divmod_u32u32
                0x10005b3c                divmod_u32u32_unsafe
                0x10005b64                divmod_u32u32_savestate
 .text.__wrap___aeabi_ldiv
                0x10005b88      0x430 CMakeFiles/puzzle.dir/home/pi/pico/pico-sdk/src/rp2_common/pico_divider/divider.S.obj
                0x10005b88                div_s64s64
                0x10005b88                divmod_s64s64
                0x10005b88                __wrap___aeabi_ldivmod
                0x10005bc0                div_u64u64
                0x10005bc0                divmod_u64u64
                0x10005bc0                __wrap___aeabi_uldivmod
                0x10005bd0                divmod_u64u64_savestate
                0x10005bf8                divmod_s64s64_unsafe
                0x10005c80                divmod_u64u64_unsafe
 .text.__wrap___aeabi_darithmetic
                0x10005fb8       0x54 CMakeFiles/puzzle.dir/home/pi/pico/pico-sdk/src/rp2_common/pico_double/double_aeabi.S.obj
                0x10005fb8                __wrap___aeabi_drsub
                0x10005fbe                __wrap___aeabi_dsub
                0x10005fd0                __wrap___aeabi_dadd
                0x10005fe2                __wrap___aeabi_ddiv
                0x10005ff4                __wrap___aeabi_dmul
 .text.__wrap___aeabi_cdcmple
                0x1000600c       0x6c CMakeFiles/puzzle.dir/home/pi/pico/pico-sdk/src/rp2_common/pico_double/double_aeabi.S.obj
                0x1000600c                __wrap___aeabi_cdrcmple
                0x1000601c                __wrap___aeabi_cdcmple
                0x1000601c                __wrap___aeabi_cdcmpeq
 .text.__wrap___aeabi_dcmplt
                0x10006078        0xc CMakeFiles/puzzle.dir/home/pi/pico/pico-sdk/src/rp2_common/pico_double/double_aeabi.S.obj
                0x10006078                __wrap___aeabi_dcmplt
 .text.__wrap___aeabi_dcmpge
                0x10006084       0x10 CMakeFiles/puzzle.dir/home/pi/pico/pico-sdk/src/rp2_common/pico_double/double_aeabi.S.obj
                0x10006084                __wrap___aeabi_dcmpge
 .text.__wrap___aeabi_dcmpgt
                0x10006094        0xa CMakeFiles/puzzle.dir/home/pi/pico/pico-sdk/src/rp2_common/pico_double/double_aeabi.S.obj
                0x10006094                __wrap___aeabi_dcmpgt
 .text.__wrap___aeabi_dcmpun
                0x1000609e       0x1c CMakeFiles/puzzle.dir/home/pi/pico/pico-sdk/src/rp2_common/pico_double/double_aeabi.S.obj
                0x1000609e                __wrap___aeabi_dcmpun
 *fill*         0x100060ba        0x2 
 .text.__wrap___aeabi_i2d
                0x100060bc       0x38 CMakeFiles/puzzle.dir/home/pi/pico/pico-sdk/src/rp2_common/pico_double/double_aeabi.S.obj
                0x100060bc                __wrap___aeabi_ui2d
                0x100060c4                __wrap___aeabi_i2d
 .text.__wrap___aeabi_d2iz
                0x100060f4       0x48 CMakeFiles/puzzle.dir/home/pi/pico/pico-sdk/src/rp2_common/pico_double/double_aeabi.S.obj
                0x100060f4                __wrap___aeabi_d2iz
                0x100060f4                double2int_z
 .text.__wrap___aeabi_d2uiz
                0x1000613c       0x18 CMakeFiles/puzzle.dir/home/pi/pico/pico-sdk/src/rp2_common/pico_double/double_aeabi.S.obj
                0x1000613c                double2uint
                0x1000613c                __wrap___aeabi_d2uiz
 .text.__aeabi_double_init
                0x10006154       0x4c CMakeFiles/puzzle.dir/home/pi/pico/pico-sdk/src/rp2_common/pico_double/double_init_rom.c.obj
                0x10006154                __aeabi_double_init
 .text.double_table_shim_on_use_helper
                0x100061a0       0x2c CMakeFiles/puzzle.dir/home/pi/pico/pico-sdk/src/rp2_common/pico_double/double_v1_rom_shim.S.obj
                0x100061a0                double_table_shim_on_use_helper
 .text.__wrap___aeabi_dsub
                0x100061cc       0x10 CMakeFiles/puzzle.dir/home/pi/pico/pico-sdk/src/rp2_common/pico_double/double_v1_rom_shim.S.obj
                0x100061cc                drsub_shim
                0x100061d2                dsub_shim
 .text.dadd_shim
                0x100061dc      0x15c CMakeFiles/puzzle.dir/home/pi/pico/pico-sdk/src/rp2_common/pico_double/double_v1_rom_shim.S.obj
                0x100061dc                dadd_shim
 .text.dmul_shim
                0x10006338      0x15c CMakeFiles/puzzle.dir/home/pi/pico/pico-sdk/src/rp2_common/pico_double/double_v1_rom_shim.S.obj
                0x10006338                dmul_shim
 .text.ddiv_shim
                0x10006494      0x1b0 CMakeFiles/puzzle.dir/home/pi/pico/pico-sdk/src/rp2_common/pico_double/double_v1_rom_shim.S.obj
                0x10006494                ddiv_shim
 .text.dcordic_rot_step
                0x10006644       0x7c CMakeFiles/puzzle.dir/home/pi/pico/pico-sdk/src/rp2_common/pico_double/double_v1_rom_shim.S.obj
                0x10006644                dcordic_rot_step
 .text.double2uint_shim
                0x100066c0        0xe CMakeFiles/puzzle.dir/home/pi/pico/pico-sdk/src/rp2_common/pico_double/double_v1_rom_shim.S.obj
                0x100066c0                double2uint_shim
                0x100066c2                double2ufix_shim
 *fill*         0x100066ce        0x2 
 .text.double2uint64_shim
                0x100066d0       0x6c CMakeFiles/puzzle.dir/home/pi/pico/pico-sdk/src/rp2_common/pico_double/double_v1_rom_shim.S.obj
                0x100066d0                double2uint64_shim
                0x100066d2                double2ufix64_shim
                0x100066ec                d2fix_a
 .text.dunpacks
                0x1000673c       0x3c CMakeFiles/puzzle.dir/home/pi/pico/pico-sdk/src/rp2_common/pico_double/double_v1_rom_shim.S.obj
                0x1000673c                dunpacks
 .text.__aeabi_lmul
                0x10006778       0x32 CMakeFiles/puzzle.dir/home/pi/pico/pico-sdk/src/rp2_common/pico_int64_ops/pico_int64_ops_aeabi.S.obj
                0x10006778                __wrap___aeabi_lmul
 *fill*         0x100067aa        0x2 
 .text.__aeabi_float_init
                0x100067ac       0x68 CMakeFiles/puzzle.dir/home/pi/pico/pico-sdk/src/rp2_common/pico_float/float_init_rom.c.obj
                0x100067ac                __aeabi_float_init
 .text.float_table_shim_on_use_helper
                0x10006814       0x2c CMakeFiles/puzzle.dir/home/pi/pico/pico-sdk/src/rp2_common/pico_float/float_v1_rom_shim.S.obj
                0x10006814                float_table_shim_on_use_helper
 .text.__wrap_malloc
                0x10006840        0x8 CMakeFiles/puzzle.dir/home/pi/pico/pico-sdk/src/rp2_common/pico_malloc/pico_malloc.c.obj
                0x10006840                __wrap_malloc
 .text.__wrap_calloc
                0x10006848        0x8 CMakeFiles/puzzle.dir/home/pi/pico/pico-sdk/src/rp2_common/pico_malloc/pico_malloc.c.obj
                0x10006848                __wrap_calloc
 .text          0x10006850       0x10 CMakeFiles/puzzle.dir/home/pi/pico/pico-sdk/src/rp2_common/pico_mem_ops/mem_ops_aeabi.S.obj
                0x10006850                __aeabi_mem_init
 .text.memset   0x10006860        0xc CMakeFiles/puzzle.dir/home/pi/pico/pico-sdk/src/rp2_common/pico_mem_ops/mem_ops_aeabi.S.obj
                0x10006860                __wrap_memset
 .text.memcpy   0x1000686c        0xc CMakeFiles/puzzle.dir/home/pi/pico/pico-sdk/src/rp2_common/pico_mem_ops/mem_ops_aeabi.S.obj
                0x1000686c                __wrap___aeabi_memcpy
                0x1000686c                __wrap_memcpy
 .text.stdio_out_chars_crlf.part.0
                0x10006878       0x8c CMakeFiles/puzzle.dir/home/pi/pico/pico-sdk/src/rp2_common/pico_stdio/stdio.c.obj
 .text.stdio_buffered_printer
                0x10006904       0x70 CMakeFiles/puzzle.dir/home/pi/pico/pico-sdk/src/rp2_common/pico_stdio/stdio.c.obj
 .text.__wrap_putchar
                0x10006974       0xac CMakeFiles/puzzle.dir/home/pi/pico/pico-sdk/src/rp2_common/pico_stdio/stdio.c.obj
                0x10006974                __wrap_putchar
 .text.__wrap_puts
                0x10006a20      0x120 CMakeFiles/puzzle.dir/home/pi/pico/pico-sdk/src/rp2_common/pico_stdio/stdio.c.obj
                0x10006a20                __wrap_puts
 .text.stdio_set_driver_enabled
                0x10006b40       0x3c CMakeFiles/puzzle.dir/home/pi/pico/pico-sdk/src/rp2_common/pico_stdio/stdio.c.obj
                0x10006b40                stdio_set_driver_enabled
 .text.__wrap_vprintf
                0x10006b7c       0xe0 CMakeFiles/puzzle.dir/home/pi/pico/pico-sdk/src/rp2_common/pico_stdio/stdio.c.obj
                0x10006b7c                __wrap_vprintf
 .text.__wrap_printf
                0x10006c5c       0x18 CMakeFiles/puzzle.dir/home/pi/pico/pico-sdk/src/rp2_common/pico_stdio/stdio.c.obj
                0x10006c5c                __wrap_printf
 .text.stdio_init_all
                0x10006c74        0x8 CMakeFiles/puzzle.dir/home/pi/pico/pico-sdk/src/rp2_common/pico_stdio/stdio.c.obj
                0x10006c74                stdio_init_all
 .text.stdio_usb_in_chars
                0x10006c7c       0x68 CMakeFiles/puzzle.dir/home/pi/pico/pico-sdk/src/rp2_common/pico_stdio_usb/stdio_usb.c.obj
                0x10006c7c                stdio_usb_in_chars
 .text.timer_task
                0x10006ce4       0x10 CMakeFiles/puzzle.dir/home/pi/pico/pico-sdk/src/rp2_common/pico_stdio_usb/stdio_usb.c.obj
 .text.low_priority_worker_irq
                0x10006cf4       0x20 CMakeFiles/puzzle.dir/home/pi/pico/pico-sdk/src/rp2_common/pico_stdio_usb/stdio_usb.c.obj
 .text.stdio_usb_out_chars
                0x10006d14       0xf0 CMakeFiles/puzzle.dir/home/pi/pico/pico-sdk/src/rp2_common/pico_stdio_usb/stdio_usb.c.obj
 .text.stdio_usb_init
                0x10006e04       0x8c CMakeFiles/puzzle.dir/home/pi/pico/pico-sdk/src/rp2_common/pico_stdio_usb/stdio_usb.c.obj
                0x10006e04                stdio_usb_init
 .text.tud_descriptor_device_cb
                0x10006e90        0x8 CMakeFiles/puzzle.dir/home/pi/pico/pico-sdk/src/rp2_common/pico_stdio_usb/stdio_usb_descriptors.c.obj
                0x10006e90                tud_descriptor_device_cb
 .text.tud_descriptor_configuration_cb
                0x10006e98        0x8 CMakeFiles/puzzle.dir/home/pi/pico/pico-sdk/src/rp2_common/pico_stdio_usb/stdio_usb_descriptors.c.obj
                0x10006e98                tud_descriptor_configuration_cb
 .text.tud_descriptor_string_cb
                0x10006ea0       0x58 CMakeFiles/puzzle.dir/home/pi/pico/pico-sdk/src/rp2_common/pico_stdio_usb/stdio_usb_descriptors.c.obj
                0x10006ea0                tud_descriptor_string_cb
 .text.dcd_rp2040_irq
                0x10006ef8      0x134 CMakeFiles/puzzle.dir/home/pi/pico/pico-sdk/lib/tinyusb/src/portable/raspberrypi/rp2040/dcd_rp2040.c.obj
 .text.dcd_int_enable
                0x1000702c        0xc CMakeFiles/puzzle.dir/home/pi/pico/pico-sdk/lib/tinyusb/src/portable/raspberrypi/rp2040/dcd_rp2040.c.obj
                0x1000702c                dcd_int_enable
 .text.dcd_set_address
                0x10007038       0x30 CMakeFiles/puzzle.dir/home/pi/pico/pico-sdk/lib/tinyusb/src/portable/raspberrypi/rp2040/dcd_rp2040.c.obj
                0x10007038                dcd_set_address
 .text.dcd_connect
                0x10007068       0x10 CMakeFiles/puzzle.dir/home/pi/pico/pico-sdk/lib/tinyusb/src/portable/raspberrypi/rp2040/dcd_rp2040.c.obj
                0x10007068                dcd_connect
 .text.dcd_init
                0x10007078       0xa8 CMakeFiles/puzzle.dir/home/pi/pico/pico-sdk/lib/tinyusb/src/portable/raspberrypi/rp2040/dcd_rp2040.c.obj
                0x10007078                dcd_init
 .text.dcd_edpt0_status_complete
                0x10007120       0x38 CMakeFiles/puzzle.dir/home/pi/pico/pico-sdk/lib/tinyusb/src/portable/raspberrypi/rp2040/dcd_rp2040.c.obj
                0x10007120                dcd_edpt0_status_complete
 .text.dcd_edpt_open
                0x10007158      0x150 CMakeFiles/puzzle.dir/home/pi/pico/pico-sdk/lib/tinyusb/src/portable/raspberrypi/rp2040/dcd_rp2040.c.obj
                0x10007158                dcd_edpt_open
 .text.dcd_edpt_xfer
                0x100072a8       0x2c CMakeFiles/puzzle.dir/home/pi/pico/pico-sdk/lib/tinyusb/src/portable/raspberrypi/rp2040/dcd_rp2040.c.obj
                0x100072a8                dcd_edpt_xfer
 .text.dcd_edpt_stall
                0x100072d4       0x50 CMakeFiles/puzzle.dir/home/pi/pico/pico-sdk/lib/tinyusb/src/portable/raspberrypi/rp2040/dcd_rp2040.c.obj
                0x100072d4                dcd_edpt_stall
 .text.dcd_edpt_clear_stall
                0x10007324       0x50 CMakeFiles/puzzle.dir/home/pi/pico/pico-sdk/lib/tinyusb/src/portable/raspberrypi/rp2040/dcd_rp2040.c.obj
                0x10007324                dcd_edpt_clear_stall
 .text.rp2040_usb_init
                0x10007374       0x50 CMakeFiles/puzzle.dir/home/pi/pico/pico-sdk/lib/tinyusb/src/portable/raspberrypi/rp2040/rp2040_usb.c.obj
                0x10007374                rp2040_usb_init
 .text.hw_endpoint_reset_transfer
                0x100073c4       0x14 CMakeFiles/puzzle.dir/home/pi/pico/pico-sdk/lib/tinyusb/src/portable/raspberrypi/rp2040/rp2040_usb.c.obj
                0x100073c4                hw_endpoint_reset_transfer
 .text._hw_endpoint_buffer_control_update32
                0x100073d8       0x54 CMakeFiles/puzzle.dir/home/pi/pico/pico-sdk/lib/tinyusb/src/portable/raspberrypi/rp2040/rp2040_usb.c.obj
                0x100073d8                _hw_endpoint_buffer_control_update32
 .text._hw_endpoint_start_next_buffer
                0x1000742c       0x88 CMakeFiles/puzzle.dir/home/pi/pico/pico-sdk/lib/tinyusb/src/portable/raspberrypi/rp2040/rp2040_usb.c.obj
                0x1000742c                _hw_endpoint_start_next_buffer
 .text._hw_endpoint_xfer_continue
                0x100074b4      0x108 CMakeFiles/puzzle.dir/home/pi/pico/pico-sdk/lib/tinyusb/src/portable/raspberrypi/rp2040/rp2040_usb.c.obj
                0x100074b4                _hw_endpoint_xfer_continue
 .text._hw_endpoint_xfer
                0x100075bc      0x140 CMakeFiles/puzzle.dir/home/pi/pico/pico-sdk/lib/tinyusb/src/portable/raspberrypi/rp2040/rp2040_usb.c.obj
                0x100075bc                _hw_endpoint_xfer
 .text.tud_mounted
                0x100076fc       0x10 CMakeFiles/puzzle.dir/home/pi/pico/pico-sdk/lib/tinyusb/src/device/usbd.c.obj
                0x100076fc                tud_mounted
 .text.tud_suspended
                0x1000770c       0x10 CMakeFiles/puzzle.dir/home/pi/pico/pico-sdk/lib/tinyusb/src/device/usbd.c.obj
                0x1000770c                tud_suspended
 .text.tud_init
                0x1000771c       0xb8 CMakeFiles/puzzle.dir/home/pi/pico/pico-sdk/lib/tinyusb/src/device/usbd.c.obj
                0x1000771c                tud_init
 .text.tud_task
                0x100077d4      0x810 CMakeFiles/puzzle.dir/home/pi/pico/pico-sdk/lib/tinyusb/src/device/usbd.c.obj
                0x100077d4                tud_task
 .text.dcd_event_bus_signal
                0x10007fe4       0xe4 CMakeFiles/puzzle.dir/home/pi/pico/pico-sdk/lib/tinyusb/src/device/usbd.c.obj
                0x10007fe4                dcd_event_bus_signal
 .text.dcd_event_setup_received
                0x100080c8       0x50 CMakeFiles/puzzle.dir/home/pi/pico/pico-sdk/lib/tinyusb/src/device/usbd.c.obj
                0x100080c8                dcd_event_setup_received
 .text.dcd_event_xfer_complete
                0x10008118       0x68 CMakeFiles/puzzle.dir/home/pi/pico/pico-sdk/lib/tinyusb/src/device/usbd.c.obj
                0x10008118                dcd_event_xfer_complete
 .text.usbd_open_edpt_pair
                0x10008180       0x70 CMakeFiles/puzzle.dir/home/pi/pico/pico-sdk/lib/tinyusb/src/device/usbd.c.obj
                0x10008180                usbd_open_edpt_pair
 .text.usbd_edpt_open
                0x100081f0        0x8 CMakeFiles/puzzle.dir/home/pi/pico/pico-sdk/lib/tinyusb/src/device/usbd.c.obj
                0x100081f0                usbd_edpt_open
 .text.usbd_edpt_claim
                0x100081f8       0x5c CMakeFiles/puzzle.dir/home/pi/pico/pico-sdk/lib/tinyusb/src/device/usbd.c.obj
                0x100081f8                usbd_edpt_claim
 .text.usbd_edpt_release
                0x10008254       0x4c CMakeFiles/puzzle.dir/home/pi/pico/pico-sdk/lib/tinyusb/src/device/usbd.c.obj
                0x10008254                usbd_edpt_release
 .text.usbd_edpt_xfer
                0x100082a0       0x48 CMakeFiles/puzzle.dir/home/pi/pico/pico-sdk/lib/tinyusb/src/device/usbd.c.obj
                0x100082a0                usbd_edpt_xfer
 .text.tud_control_status
                0x100082e8       0x30 CMakeFiles/puzzle.dir/home/pi/pico/pico-sdk/lib/tinyusb/src/device/usbd_control.c.obj
                0x100082e8                tud_control_status
 .text.tud_control_xfer
                0x10008318       0xb4 CMakeFiles/puzzle.dir/home/pi/pico/pico-sdk/lib/tinyusb/src/device/usbd_control.c.obj
                0x10008318                tud_control_xfer
 .text.usbd_control_reset
                0x100083cc       0x14 CMakeFiles/puzzle.dir/home/pi/pico/pico-sdk/lib/tinyusb/src/device/usbd_control.c.obj
                0x100083cc                usbd_control_reset
 .text.usbd_control_set_complete_callback
                0x100083e0        0xc CMakeFiles/puzzle.dir/home/pi/pico/pico-sdk/lib/tinyusb/src/device/usbd_control.c.obj
                0x100083e0                usbd_control_set_complete_callback
 .text.usbd_control_set_request
                0x100083ec       0x1c CMakeFiles/puzzle.dir/home/pi/pico/pico-sdk/lib/tinyusb/src/device/usbd_control.c.obj
                0x100083ec                usbd_control_set_request
 .text.usbd_control_xfer_cb
                0x10008408       0xec CMakeFiles/puzzle.dir/home/pi/pico/pico-sdk/lib/tinyusb/src/device/usbd_control.c.obj
                0x10008408                usbd_control_xfer_cb
 .text.tud_cdc_n_connected
                0x100084f4       0x34 CMakeFiles/puzzle.dir/home/pi/pico/pico-sdk/lib/tinyusb/src/class/cdc/cdc_device.c.obj
                0x100084f4                tud_cdc_n_connected
 .text.tud_cdc_n_available
                0x10008528       0x20 CMakeFiles/puzzle.dir/home/pi/pico/pico-sdk/lib/tinyusb/src/class/cdc/cdc_device.c.obj
                0x10008528                tud_cdc_n_available
 .text.tud_cdc_n_read
                0x10008548       0x74 CMakeFiles/puzzle.dir/home/pi/pico/pico-sdk/lib/tinyusb/src/class/cdc/cdc_device.c.obj
                0x10008548                tud_cdc_n_read
 .text.tud_cdc_n_write
                0x100085bc       0x9c CMakeFiles/puzzle.dir/home/pi/pico/pico-sdk/lib/tinyusb/src/class/cdc/cdc_device.c.obj
                0x100085bc                tud_cdc_n_write
 .text.tud_cdc_n_write_flush
                0x10008658       0x80 CMakeFiles/puzzle.dir/home/pi/pico/pico-sdk/lib/tinyusb/src/class/cdc/cdc_device.c.obj
                0x10008658                tud_cdc_n_write_flush
 .text.tud_cdc_n_write_available
                0x100086d8       0x20 CMakeFiles/puzzle.dir/home/pi/pico/pico-sdk/lib/tinyusb/src/class/cdc/cdc_device.c.obj
                0x100086d8                tud_cdc_n_write_available
 .text.cdcd_init
                0x100086f8       0x78 CMakeFiles/puzzle.dir/home/pi/pico/pico-sdk/lib/tinyusb/src/class/cdc/cdc_device.c.obj
                0x100086f8                cdcd_init
 .text.cdcd_reset
                0x10008770       0x24 CMakeFiles/puzzle.dir/home/pi/pico/pico-sdk/lib/tinyusb/src/class/cdc/cdc_device.c.obj
                0x10008770                cdcd_reset
 .text.cdcd_open
                0x10008794       0xec CMakeFiles/puzzle.dir/home/pi/pico/pico-sdk/lib/tinyusb/src/class/cdc/cdc_device.c.obj
                0x10008794                cdcd_open
 .text.cdcd_control_complete
                0x10008880       0x44 CMakeFiles/puzzle.dir/home/pi/pico/pico-sdk/lib/tinyusb/src/class/cdc/cdc_device.c.obj
                0x10008880                cdcd_control_complete
 .text.cdcd_control_request
                0x100088c4       0x70 CMakeFiles/puzzle.dir/home/pi/pico/pico-sdk/lib/tinyusb/src/class/cdc/cdc_device.c.obj
                0x100088c4                cdcd_control_request
 .text.cdcd_xfer_cb
                0x10008934      0x1bc CMakeFiles/puzzle.dir/home/pi/pico/pico-sdk/lib/tinyusb/src/class/cdc/cdc_device.c.obj
                0x10008934                cdcd_xfer_cb
 .text.tusb_init
                0x10008af0       0x20 CMakeFiles/puzzle.dir/home/pi/pico/pico-sdk/lib/tinyusb/src/tusb.c.obj
                0x10008af0                tusb_init
 .text.tusb_inited
                0x10008b10        0xc CMakeFiles/puzzle.dir/home/pi/pico/pico-sdk/lib/tinyusb/src/tusb.c.obj
                0x10008b10                tusb_inited
 .text.tu_fifo_config
                0x10008b1c       0x7c CMakeFiles/puzzle.dir/home/pi/pico/pico-sdk/lib/tinyusb/src/common/tusb_fifo.c.obj
                0x10008b1c                tu_fifo_config
 .text.tu_fifo_count
                0x10008b98       0x1c CMakeFiles/puzzle.dir/home/pi/pico/pico-sdk/lib/tinyusb/src/common/tusb_fifo.c.obj
                0x10008b98                tu_fifo_count
 .text.tu_fifo_remaining
                0x10008bb4       0x20 CMakeFiles/puzzle.dir/home/pi/pico/pico-sdk/lib/tinyusb/src/common/tusb_fifo.c.obj
                0x10008bb4                tu_fifo_remaining
 .text.tu_fifo_read
                0x10008bd4       0xac CMakeFiles/puzzle.dir/home/pi/pico/pico-sdk/lib/tinyusb/src/common/tusb_fifo.c.obj
                0x10008bd4                tu_fifo_read
 .text.tu_fifo_read_n
                0x10008c80       0xf8 CMakeFiles/puzzle.dir/home/pi/pico/pico-sdk/lib/tinyusb/src/common/tusb_fifo.c.obj
                0x10008c80                tu_fifo_read_n
 .text.tu_fifo_write
                0x10008d78       0x88 CMakeFiles/puzzle.dir/home/pi/pico/pico-sdk/lib/tinyusb/src/common/tusb_fifo.c.obj
                0x10008d78                tu_fifo_write
 .text.tu_fifo_write_n
                0x10008e00       0xfc CMakeFiles/puzzle.dir/home/pi/pico/pico-sdk/lib/tinyusb/src/common/tusb_fifo.c.obj
                0x10008e00                tu_fifo_write_n
 .text.tu_fifo_clear
                0x10008efc       0x2c CMakeFiles/puzzle.dir/home/pi/pico/pico-sdk/lib/tinyusb/src/common/tusb_fifo.c.obj
                0x10008efc                tu_fifo_clear
 .text.adc_init
                0x10008f28       0x38 CMakeFiles/puzzle.dir/home/pi/pico/pico-sdk/src/rp2_common/hardware_adc/adc.c.obj
                0x10008f28                adc_init
 .text          0x10008f60       0x18 /usr/lib/gcc/arm-none-eabi/7.3.1/../../../arm-none-eabi/lib/thumb/v6-m/libc.a(lib_a-calloc.o)
                0x10008f60                calloc
 .text          0x10008f78       0x58 /usr/lib/gcc/arm-none-eabi/7.3.1/../../../arm-none-eabi/lib/thumb/v6-m/libc.a(lib_a-callocr.o)
                0x10008f78                _calloc_r
 .text          0x10008fd0       0x28 /usr/lib/gcc/arm-none-eabi/7.3.1/../../../arm-none-eabi/lib/thumb/v6-m/libc.a(lib_a-malloc.o)
                0x10008fd0                malloc
                0x10008fe4                free
 .text          0x10008ff8      0x570 /usr/lib/gcc/arm-none-eabi/7.3.1/../../../arm-none-eabi/lib/thumb/v6-m/libc.a(lib_a-mallocr.o)
                0x10008ff8                _malloc_r
 .text          0x10009568        0x8 /usr/lib/gcc/arm-none-eabi/7.3.1/../../../arm-none-eabi/lib/thumb/v6-m/libc.a(lib_a-mlock.o)
                0x10009568                __malloc_lock
                0x1000956c                __malloc_unlock
 .text          0x10009570       0x24 /usr/lib/gcc/arm-none-eabi/7.3.1/../../../arm-none-eabi/lib/thumb/v6-m/libc.a(lib_a-sbrkr.o)
                0x10009570                _sbrk_r
 .text          0x10009594       0x64 /usr/lib/gcc/arm-none-eabi/7.3.1/../../../arm-none-eabi/lib/thumb/v6-m/libc.a(lib_a-strlen-stub.o)
                0x10009594                strlen
 .text          0x100095f8      0x274 /usr/lib/gcc/arm-none-eabi/7.3.1/../../../arm-none-eabi/lib/thumb/v6-m/libc.a(lib_a-freer.o)
                0x100095f8                _malloc_trim_r
                0x10009698                _free_r
 *(.fini)
 .fini          0x1000986c        0x4 /usr/lib/gcc/arm-none-eabi/7.3.1/thumb/v6-m/crti.o
                0x1000986c                _fini
 .fini.__stub   0x10009870       0x60 linker stubs
 *crtbegin.o(.ctors)
 *crtbegin?.o(.ctors)
 *(EXCLUDE_FILE(*crtend.o *crtend?.o) .ctors)
 *(SORT_BY_NAME(.ctors.*))
 *(.ctors)
 *crtbegin.o(.dtors)
 *crtbegin?.o(.dtors)
 *(EXCLUDE_FILE(*crtend.o *crtend?.o) .dtors)
 *(SORT_BY_NAME(.dtors.*))
 *(.dtors)
 *(.eh_frame*)
 .eh_frame      0x100098d0        0x0 /usr/lib/gcc/arm-none-eabi/7.3.1/thumb/v6-m/crtbegin.o
                0x100098d0                . = ALIGN (0x4)

.glue_7         0x100098d0        0x0
 .glue_7        0x100098d0        0x0 linker stubs

.glue_7t        0x100098d0        0x0
 .glue_7t       0x100098d0        0x0 linker stubs

.vfp11_veneer   0x100098d0        0x0
 .vfp11_veneer  0x100098d0        0x0 linker stubs

.v4_bx          0x100098d0        0x0
 .v4_bx         0x100098d0        0x0 linker stubs

.iplt           0x100098d0        0x0
 .iplt          0x100098d0        0x0 /usr/lib/gcc/arm-none-eabi/7.3.1/thumb/v6-m/crtbegin.o

.rodata         0x100098d0      0x554
 *(EXCLUDE_FILE(*libm.a: *libc.a:*lib_a-mem*.o *libgcc.a:) .rodata*)
 .rodata.main.str1.4
                0x100098d0       0x3e CMakeFiles/puzzle.dir/puzzle.c.obj
 *fill*         0x1000990e        0x2 
 .rodata.spin_lock_claim_unused.str1.4
                0x10009910       0x1b CMakeFiles/puzzle.dir/home/pi/pico/pico-sdk/src/rp2_common/hardware_sync/sync.c.obj
 *fill*         0x1000992b        0x1 
 .rodata.hardware_alarm_claim.str1.4
                0x1000992c       0x22 CMakeFiles/puzzle.dir/home/pi/pico/pico-sdk/src/rp2_common/hardware_timer/timer.c.obj
 *fill*         0x1000994e        0x2 
 .rodata.hard_assertion_failure.str1.4
                0x10009950        0xc CMakeFiles/puzzle.dir/home/pi/pico/pico-sdk/src/rp2_common/pico_runtime/runtime.c.obj
 .rodata.panic.str1.4
                0x1000995c       0x12 CMakeFiles/puzzle.dir/home/pi/pico/pico-sdk/src/rp2_common/pico_runtime/runtime.c.obj
 *fill*         0x1000996e        0x2 
 .rodata._vsnprintf
                0x10009970      0x1e0 CMakeFiles/puzzle.dir/home/pi/pico/pico-sdk/src/rp2_common/pico_printf/printf.c.obj
 .rodata._ftoa.str1.4
                0x10009b50       0x15 CMakeFiles/puzzle.dir/home/pi/pico/pico-sdk/src/rp2_common/pico_printf/printf.c.obj
 *fill*         0x10009b65        0x3 
 .rodata.pow10.5370
                0x10009b68       0x50 CMakeFiles/puzzle.dir/home/pi/pico/pico-sdk/src/rp2_common/pico_printf/printf.c.obj
 .rodata.__bi_40
                0x10009bb8        0xc CMakeFiles/puzzle.dir/home/pi/pico/pico-sdk/src/rp2_common/pico_standard_link/binary_info.c.obj
 .rodata.__bi_71
                0x10009bc4        0xc CMakeFiles/puzzle.dir/home/pi/pico/pico-sdk/src/rp2_common/pico_standard_link/binary_info.c.obj
 .rodata.str1.4
                0x10009bd0       0x2c CMakeFiles/puzzle.dir/home/pi/pico/pico-sdk/src/rp2_common/pico_standard_link/binary_info.c.obj
 .rodata.crlf_str.5765
                0x10009bfc        0x2 CMakeFiles/puzzle.dir/home/pi/pico/pico-sdk/src/rp2_common/pico_stdio/stdio.c.obj
 *fill*         0x10009bfe        0x2 
 .rodata.__bi_93.6928
                0x10009c00        0xc CMakeFiles/puzzle.dir/home/pi/pico/pico-sdk/src/rp2_common/pico_stdio_usb/stdio_usb.c.obj
 .rodata.str1.4
                0x10009c0c       0x13 CMakeFiles/puzzle.dir/home/pi/pico/pico-sdk/src/rp2_common/pico_stdio_usb/stdio_usb.c.obj
 *fill*         0x10009c1f        0x1 
 .rodata.str1.4
                0x10009c20       0x32 CMakeFiles/puzzle.dir/home/pi/pico/pico-sdk/src/rp2_common/pico_stdio_usb/stdio_usb_descriptors.c.obj
 *fill*         0x10009c52        0x2 
 .rodata.usbd_desc_cfg
                0x10009c54       0x4b CMakeFiles/puzzle.dir/home/pi/pico/pico-sdk/src/rp2_common/pico_stdio_usb/stdio_usb_descriptors.c.obj
 *fill*         0x10009c9f        0x1 
 .rodata.usbd_desc_device
                0x10009ca0       0x12 CMakeFiles/puzzle.dir/home/pi/pico/pico-sdk/src/rp2_common/pico_stdio_usb/stdio_usb_descriptors.c.obj
 *fill*         0x10009cb2        0x2 
 .rodata.usbd_desc_str
                0x10009cb4       0x14 CMakeFiles/puzzle.dir/home/pi/pico/pico-sdk/src/rp2_common/pico_stdio_usb/stdio_usb_descriptors.c.obj
 .rodata.dcd_edpt_open.str1.4
                0x10009cc8       0x28 CMakeFiles/puzzle.dir/home/pi/pico/pico-sdk/lib/tinyusb/src/portable/raspberrypi/rp2040/dcd_rp2040.c.obj
 .rodata.dcd_rp2040_irq.str1.4
                0x10009cf0       0x14 CMakeFiles/puzzle.dir/home/pi/pico/pico-sdk/lib/tinyusb/src/portable/raspberrypi/rp2040/dcd_rp2040.c.obj
 .rodata._hw_endpoint_buffer_control_update32.str1.4
                0x10009d04       0x1f CMakeFiles/puzzle.dir/home/pi/pico/pico-sdk/lib/tinyusb/src/portable/raspberrypi/rp2040/rp2040_usb.c.obj
 *fill*         0x10009d23        0x1 
 .rodata._hw_endpoint_xfer_continue.str1.4
                0x10009d24       0x50 CMakeFiles/puzzle.dir/home/pi/pico/pico-sdk/lib/tinyusb/src/portable/raspberrypi/rp2040/rp2040_usb.c.obj
 .rodata.str1.4
                0x10009d74        0x8 CMakeFiles/puzzle.dir/home/pi/pico/pico-sdk/lib/tinyusb/src/portable/raspberrypi/rp2040/rp2040_usb.c.obj
                                  0x7 (size before relaxing)
 .rodata.tud_task
                0x10009d7c       0x8c CMakeFiles/puzzle.dir/home/pi/pico/pico-sdk/lib/tinyusb/src/device/usbd.c.obj
 .rodata._usbd_driver
                0x10009e08       0x1c CMakeFiles/puzzle.dir/home/pi/pico/pico-sdk/lib/tinyusb/src/device/usbd.c.obj
                0x10009e24                . = ALIGN (0x4)
 *(SORT_BY_ALIGNMENT(SORT_BY_NAME(.flashdata*)))
                0x10009e24                . = ALIGN (0x4)

.rel.dyn        0x10009e24        0x0
 .rel.iplt      0x10009e24        0x0 /usr/lib/gcc/arm-none-eabi/7.3.1/thumb/v6-m/crtbegin.o

.ARM.extab
 *(.ARM.extab* .gnu.linkonce.armextab.*)
                0x10009e24                __exidx_start = .

.ARM.exidx
 *(.ARM.exidx* .gnu.linkonce.armexidx.*)
                0x10009e24                __exidx_end = .
                0x10009e24                . = ALIGN (0x4)
                0x10009e24                __binary_info_start = .

.binary_info    0x10009e24       0x1c
 *(.binary_info.keep.*)
 .binary_info.keep.__bi_ptr18
                0x10009e24        0x4 CMakeFiles/puzzle.dir/home/pi/pico/pico-sdk/src/rp2_common/pico_standard_link/binary_info.c.obj
 .binary_info.keep.__bi_ptr26
                0x10009e28        0x4 CMakeFiles/puzzle.dir/home/pi/pico/pico-sdk/src/rp2_common/pico_standard_link/binary_info.c.obj
 .binary_info.keep.__bi_ptr34
                0x10009e2c        0x4 CMakeFiles/puzzle.dir/home/pi/pico/pico-sdk/src/rp2_common/pico_standard_link/binary_info.c.obj
 .binary_info.keep.__bi_ptr40
                0x10009e30        0x4 CMakeFiles/puzzle.dir/home/pi/pico/pico-sdk/src/rp2_common/pico_standard_link/binary_info.c.obj
 .binary_info.keep.__bi_ptr46
                0x10009e34        0x4 CMakeFiles/puzzle.dir/home/pi/pico/pico-sdk/src/rp2_common/pico_standard_link/binary_info.c.obj
 .binary_info.keep.__bi_ptr71
                0x10009e38        0x4 CMakeFiles/puzzle.dir/home/pi/pico/pico-sdk/src/rp2_common/pico_standard_link/binary_info.c.obj
 *(.binary_info.*)
 .binary_info.__bi_ptr93
                0x10009e3c        0x4 CMakeFiles/puzzle.dir/home/pi/pico/pico-sdk/src/rp2_common/pico_stdio_usb/stdio_usb.c.obj
                0x10009e40                __binary_info_end = .
                0x10009e40                . = ALIGN (0x4)
                0x10009e40                __etext = .

.ram_vector_table
                0x20000000       0xc0
 *(.ram_vector_table)
 .ram_vector_table
                0x20000000       0xc0 CMakeFiles/puzzle.dir/home/pi/pico/pico-sdk/src/rp2_common/pico_runtime/runtime.c.obj
                0x20000000                ram_vector_table

.data           0x200000c0      0xadc load address 0x10009e40
                0x200000c0                __data_start__ = .
 *(vtable)
 *(.time_critical*)
 .time_critical.mutex_enter_blocking
                0x200000c0       0x4c CMakeFiles/puzzle.dir/home/pi/pico/pico-sdk/src/common/pico_sync/mutex.c.obj
                0x200000c0                mutex_enter_blocking
 .time_critical.mutex_try_enter
                0x2000010c       0x48 CMakeFiles/puzzle.dir/home/pi/pico/pico-sdk/src/common/pico_sync/mutex.c.obj
                0x2000010c                mutex_try_enter
 .time_critical.mutex_enter_timeout_ms
                0x20000154       0x98 CMakeFiles/puzzle.dir/home/pi/pico/pico-sdk/src/common/pico_sync/mutex.c.obj
                0x20000154                mutex_enter_timeout_ms
 .time_critical.mutex_exit
                0x200001ec       0x28 CMakeFiles/puzzle.dir/home/pi/pico/pico-sdk/src/common/pico_sync/mutex.c.obj
                0x200001ec                mutex_exit
 *(.text*)
 .text          0x20000214        0x4 /usr/lib/gcc/arm-none-eabi/7.3.1/thumb/v6-m/libgcc.a(_dvmd_tls.o)
                0x20000214                __aeabi_ldiv0
                0x20000214                __aeabi_idiv0
 .text.__stub   0x20000218       0x30 linker stubs
                0x20000248                . = ALIGN (0x4)
 *(.rodata*)
                0x20000248                . = ALIGN (0x4)
 *(.data*)
 .data.A        0x20000248        0x5 CMakeFiles/puzzle.dir/puzzle.c.obj
                0x20000248                A
 *fill*         0x2000024d        0x3 
 .data.D        0x20000250        0x5 CMakeFiles/puzzle.dir/puzzle.c.obj
                0x20000250                D
 *fill*         0x20000255        0x3 
 .data.EIGHT    0x20000258        0x5 CMakeFiles/puzzle.dir/puzzle.c.obj
                0x20000258                EIGHT
 *fill*         0x2000025d        0x3 
 .data.FOUR     0x20000260        0x5 CMakeFiles/puzzle.dir/puzzle.c.obj
                0x20000260                FOUR
 *fill*         0x20000265        0x3 
 .data.G        0x20000268        0x5 CMakeFiles/puzzle.dir/puzzle.c.obj
                0x20000268                G
 *fill*         0x2000026d        0x3 
 .data.N        0x20000270        0x5 CMakeFiles/puzzle.dir/puzzle.c.obj
                0x20000270                N
 *fill*         0x20000275        0x3 
 .data.SIX      0x20000278        0x5 CMakeFiles/puzzle.dir/puzzle.c.obj
                0x20000278                SIX
 .data.STATE    0x2000027d        0x1 CMakeFiles/puzzle.dir/puzzle.c.obj
                0x2000027d                STATE
 *fill*         0x2000027e        0x2 
 .data.TWO      0x20000280        0x5 CMakeFiles/puzzle.dir/puzzle.c.obj
                0x20000280                TWO
 *fill*         0x20000285        0x3 
 .data.V        0x20000288        0x5 CMakeFiles/puzzle.dir/puzzle.c.obj
                0x20000288                V
 *fill*         0x2000028d        0x3 
 .data.ZERO     0x20000290        0x5 CMakeFiles/puzzle.dir/puzzle.c.obj
                0x20000290                ZERO
 .data.striped_spin_lock_num
                0x20000295        0x1 CMakeFiles/puzzle.dir/home/pi/pico/pico-sdk/src/rp2_common/hardware_sync/sync.c.obj
 *fill*         0x20000296        0x2 
 .data          0x20000298       0x48 CMakeFiles/puzzle.dir/home/pi/pico/pico-sdk/src/rp2_common/hardware_irq/irq_handler_chain.S.obj
                0x20000298                irq_handler_chain_slots
                0x200002c8                irq_handler_chain_first_slot
                0x200002d2                irq_handler_chain_remove_tail
 .data.aeabi_bits_funcs
                0x200002e0       0x10 CMakeFiles/puzzle.dir/home/pi/pico/pico-sdk/src/rp2_common/pico_bit_ops/bit_ops_aeabi.S.obj
                0x200002e0                aeabi_bits_funcs
                0x200002f0                aeabi_bits_funcs_end
 .data.aeabi_mem_funcs
                0x200002f0       0x10 CMakeFiles/puzzle.dir/home/pi/pico/pico-sdk/src/rp2_common/pico_mem_ops/mem_ops_aeabi.S.obj
                0x200002f0                aeabi_mem_funcs
                0x20000300                aeabi_mem_funcs_end
 .data.stdio_usb
                0x20000300       0x14 CMakeFiles/puzzle.dir/home/pi/pico/pico-sdk/src/rp2_common/pico_stdio_usb/stdio_usb.c.obj
                0x20000300                stdio_usb
 .data.ep_dir_string
                0x20000314        0x8 CMakeFiles/puzzle.dir/home/pi/pico/pico-sdk/lib/tinyusb/src/portable/raspberrypi/rp2040/rp2040_usb.c.obj
                0x20000314                ep_dir_string
 .data._usbd_qdef
                0x2000031c       0x20 CMakeFiles/puzzle.dir/home/pi/pico/pico-sdk/lib/tinyusb/src/device/usbd.c.obj
                0x2000031c                _usbd_qdef
 *fill*         0x2000033c        0x4 
 .data          0x20000340      0x430 /usr/lib/gcc/arm-none-eabi/7.3.1/../../../arm-none-eabi/lib/thumb/v6-m/libc.a(lib_a-impure.o)
                0x20000340                _impure_ptr
 .data          0x20000770      0x410 /usr/lib/gcc/arm-none-eabi/7.3.1/../../../arm-none-eabi/lib/thumb/v6-m/libc.a(lib_a-mallocr.o)
                0x20000770                __malloc_sbrk_base
                0x20000774                __malloc_trim_threshold
                0x20000778                __malloc_av_
                0x20000b80                . = ALIGN (0x4)
 *(.after_data.*)
                0x20000b80                . = ALIGN (0x4)
                0x20000b80                PROVIDE (__mutex_array_start = .)
 *(SORT_BY_NAME(.mutex_array.*))
 *(.mutex_array)
 .mutex_array   0x20000b80        0x8 CMakeFiles/puzzle.dir/home/pi/pico/pico-sdk/src/rp2_common/pico_stdio/stdio.c.obj
                0x20000b88                PROVIDE (__mutex_array_end = .)
                0x20000b88                . = ALIGN (0x4)
                0x20000b88                PROVIDE (__preinit_array_start = .)
 *(SORT_BY_NAME(.preinit_array.*))
 .preinit_array.00001
                0x20000b88        0x4 CMakeFiles/puzzle.dir/home/pi/pico/pico-sdk/src/rp2_common/pico_mem_ops/mem_ops_aeabi.S.obj
 .preinit_array.00010
                0x20000b8c        0x4 CMakeFiles/puzzle.dir/home/pi/pico/pico-sdk/src/rp2_common/pico_bit_ops/bit_ops_aeabi.S.obj
 .preinit_array.00020
                0x20000b90        0x4 CMakeFiles/puzzle.dir/home/pi/pico/pico-sdk/src/rp2_common/pico_double/double_aeabi.S.obj
 .preinit_array.00020
                0x20000b94        0x4 CMakeFiles/puzzle.dir/home/pi/pico/pico-sdk/src/rp2_common/pico_float/float_aeabi.S.obj
 *(.preinit_array)
                0x20000b98                PROVIDE (__preinit_array_end = .)
                0x20000b98                . = ALIGN (0x4)
                0x20000b98                PROVIDE (__init_array_start = .)
 *(SORT_BY_NAME(.init_array.*))
 *(.init_array)
 .init_array    0x20000b98        0x4 /usr/lib/gcc/arm-none-eabi/7.3.1/thumb/v6-m/crtbegin.o
                0x20000b9c                PROVIDE (__init_array_end = .)
                0x20000b9c                . = ALIGN (0x4)
                0x20000b9c                PROVIDE (__fini_array_start = .)
 *(SORT_BY_NAME(.fini_array.*))
 *(.fini_array)
                0x20000b9c                PROVIDE (__fini_array_end = .)
 *(.jcr)
                0x20000b9c                . = ALIGN (0x4)
                0x20000b9c                __data_end__ = .

.tm_clone_table
                0x20000b9c        0x0 load address 0x1000a91c
 .tm_clone_table
                0x20000b9c        0x0 /usr/lib/gcc/arm-none-eabi/7.3.1/thumb/v6-m/crtbegin.o
 .tm_clone_table
                0x20000b9c        0x0 /usr/lib/gcc/arm-none-eabi/7.3.1/thumb/v6-m/crtend.o

.igot.plt       0x20000b9c        0x0 load address 0x1000a91c
 .igot.plt      0x20000b9c        0x0 /usr/lib/gcc/arm-none-eabi/7.3.1/thumb/v6-m/crtbegin.o

.uninitialized_data
                0x20000b9c        0x0 load address 0x1000a91c
                0x20000b9c                . = ALIGN (0x4)
 *(.uninitialized_data*)

.scratch_x      0x20040000        0x0 load address 0x1000a91c
                0x20040000                __scratch_x_start__ = .
 *(.scratch_x.*)
                0x20040000                . = ALIGN (0x4)
                0x20040000                __scratch_x_end__ = .
                0x1000a91c                __scratch_x_source__ = LOADADDR (.scratch_x)

.scratch_y      0x20041000        0x0 load address 0x1000a91c
                0x20041000                __scratch_y_start__ = .
 *(.scratch_y.*)
                0x20041000                . = ALIGN (0x4)
                0x20041000                __scratch_y_end__ = .
                0x1000a91c                __scratch_y_source__ = LOADADDR (.scratch_y)

.bss            0x20000ba0      0xe28
                0x20000ba0                . = ALIGN (0x4)
                0x20000ba0                __bss_start__ = .
 *(SORT_BY_ALIGNMENT(SORT_BY_NAME(.bss*)))
 .bss.last_avail_time.6907
                0x20000ba0        0x8 CMakeFiles/puzzle.dir/home/pi/pico/pico-sdk/src/rp2_common/pico_stdio_usb/stdio_usb.c.obj
 .bss           0x20000ba8       0x1c /usr/lib/gcc/arm-none-eabi/7.3.1/thumb/v6-m/crtbegin.o
 .bss           0x20000bc4       0x34 /usr/lib/gcc/arm-none-eabi/7.3.1/../../../arm-none-eabi/lib/thumb/v6-m/libc.a(lib_a-mallocr.o)
                0x20000bc4                __malloc_top_pad
                0x20000bc8                __malloc_current_mallinfo
                0x20000bf0                __malloc_max_sbrked_mem
                0x20000bf4                __malloc_max_total_mem
 .bss.FIVE      0x20000bf8        0x5 CMakeFiles/puzzle.dir/puzzle.c.obj
                0x20000bf8                FIVE
 *fill*         0x20000bfd        0x3 
 .bss._app_driver
                0x20000c00        0x4 CMakeFiles/puzzle.dir/home/pi/pico/pico-sdk/lib/tinyusb/src/device/usbd.c.obj
 .bss._cdcd_itf
                0x20000c04      0x2d0 CMakeFiles/puzzle.dir/home/pi/pico/pico-sdk/lib/tinyusb/src/class/cdc/cdc_device.c.obj
 .bss._ctrl_xfer
                0x20000ed4       0x14 CMakeFiles/puzzle.dir/home/pi/pico/pico-sdk/lib/tinyusb/src/device/usbd_control.c.obj
 .bss._ubsd_mutexdef
                0x20000ee8        0x8 CMakeFiles/puzzle.dir/home/pi/pico/pico-sdk/lib/tinyusb/src/device/usbd.c.obj
 .bss._usbd_ctrl_buf
                0x20000ef0       0x40 CMakeFiles/puzzle.dir/home/pi/pico/pico-sdk/lib/tinyusb/src/device/usbd_control.c.obj
 .bss._usbd_dev
                0x20000f30       0x37 CMakeFiles/puzzle.dir/home/pi/pico/pico-sdk/lib/tinyusb/src/device/usbd.c.obj
 *fill*         0x20000f67        0x1 
 .bss._usbd_mutex
                0x20000f68        0x4 CMakeFiles/puzzle.dir/home/pi/pico/pico-sdk/lib/tinyusb/src/device/usbd.c.obj
 .bss._usbd_q   0x20000f6c        0x4 CMakeFiles/puzzle.dir/home/pi/pico/pico-sdk/lib/tinyusb/src/device/usbd.c.obj
 .bss.alarm_callbacks
                0x20000f70       0x10 CMakeFiles/puzzle.dir/home/pi/pico/pico-sdk/src/rp2_common/hardware_timer/timer.c.obj
 .bss.claimed   0x20000f80        0x4 CMakeFiles/puzzle.dir/home/pi/pico/pico-sdk/src/rp2_common/hardware_sync/sync.c.obj
 .bss.configured_freq
                0x20000f84       0x28 CMakeFiles/puzzle.dir/home/pi/pico/pico-sdk/src/rp2_common/hardware_clocks/clocks.c.obj
 .bss.default_alarm_pool
                0x20000fac        0x4 CMakeFiles/puzzle.dir/home/pi/pico/pico-sdk/src/common/pico_time/time.c.obj
 .bss.desc_str.6790
                0x20000fb0       0x28 CMakeFiles/puzzle.dir/home/pi/pico/pico-sdk/src/rp2_common/pico_stdio_usb/stdio_usb_descriptors.c.obj
 .bss.drivers   0x20000fd8        0x4 CMakeFiles/puzzle.dir/home/pi/pico/pico-sdk/src/rp2_common/pico_stdio/stdio.c.obj
 .bss.filter    0x20000fdc        0x4 CMakeFiles/puzzle.dir/home/pi/pico/pico-sdk/src/rp2_common/pico_stdio/stdio.c.obj
 .bss.heap_end.5707
                0x20000fe0        0x4 CMakeFiles/puzzle.dir/home/pi/pico/pico-sdk/src/rp2_common/pico_runtime/runtime.c.obj
 .bss.hw_endpoints
                0x20000fe4      0x680 CMakeFiles/puzzle.dir/home/pi/pico/pico-sdk/lib/tinyusb/src/portable/raspberrypi/rp2040/dcd_rp2040.c.obj
 .bss.lazy_vsnprintf
                0x20001664        0x4 CMakeFiles/puzzle.dir/home/pi/pico/pico-sdk/src/rp2_common/pico_printf/printf.c.obj
 .bss.next_buffer_ptr
                0x20001668        0x4 CMakeFiles/puzzle.dir/home/pi/pico/pico-sdk/lib/tinyusb/src/portable/raspberrypi/rp2040/dcd_rp2040.c.obj
 .bss.pools     0x2000166c       0x10 CMakeFiles/puzzle.dir/home/pi/pico/pico-sdk/src/common/pico_time/time.c.obj
 .bss.stdio_usb_mutex
                0x2000167c        0x8 CMakeFiles/puzzle.dir/home/pi/pico/pico-sdk/src/rp2_common/pico_stdio_usb/stdio_usb.c.obj
 .bss.target_hi
                0x20001684       0x10 CMakeFiles/puzzle.dir/home/pi/pico/pico-sdk/src/rp2_common/hardware_timer/timer.c.obj
 .bss._app_driver_count
                0x20001694        0x1 CMakeFiles/puzzle.dir/home/pi/pico/pico-sdk/lib/tinyusb/src/device/usbd.c.obj
 .bss._initialized
                0x20001695        0x1 CMakeFiles/puzzle.dir/home/pi/pico/pico-sdk/lib/tinyusb/src/tusb.c.obj
 .bss.assigned_address
                0x20001696        0x1 CMakeFiles/puzzle.dir/home/pi/pico/pico-sdk/lib/tinyusb/src/portable/raspberrypi/rp2040/dcd_rp2040.c.obj
 .bss.claimed   0x20001697        0x1 CMakeFiles/puzzle.dir/home/pi/pico/pico-sdk/src/rp2_common/hardware_timer/timer.c.obj
 .bss.irq_hander_chain_free_slot_head
                0x20001698        0x1 CMakeFiles/puzzle.dir/home/pi/pico/pico-sdk/src/rp2_common/hardware_irq/irq.c.obj
 .bss.timer_callbacks_pending
                0x20001699        0x1 CMakeFiles/puzzle.dir/home/pi/pico/pico-sdk/src/rp2_common/hardware_timer/timer.c.obj
 *(COMMON)
 *fill*         0x2000169a        0x2 
 COMMON         0x2000169c       0x64 CMakeFiles/puzzle.dir/puzzle.c.obj
                0x2000169c                LED
 COMMON         0x20001700      0x100 CMakeFiles/puzzle.dir/home/pi/pico/pico-sdk/src/rp2_common/pico_double/double_init_rom.c.obj
                0x20001700                sd_table
 COMMON         0x20001800      0x104 CMakeFiles/puzzle.dir/home/pi/pico/pico-sdk/src/rp2_common/pico_float/float_init_rom.c.obj
                0x20001800                sf_table
                0x20001900                sf_clz_func
 COMMON         0x20001904       0xc0 CMakeFiles/puzzle.dir/home/pi/pico/pico-sdk/lib/tinyusb/src/device/usbd.c.obj
                0x20001904                _usbd_qdef_buf
 COMMON         0x200019c4        0x4 /usr/lib/gcc/arm-none-eabi/7.3.1/../../../arm-none-eabi/lib/thumb/v6-m/libc.a(lib_a-reent.o)
                0x200019c4                errno
                0x200019c8                . = ALIGN (0x4)
                0x200019c8                __bss_end__ = .

.heap           0x200019c8      0x800
                0x200019c8                __end__ = .
                0x200019c8                end = __end__
 *(.heap*)
 .heap          0x200019c8      0x800 CMakeFiles/puzzle.dir/home/pi/pico/pico-sdk/src/rp2_common/pico_standard_link/crt0.S.obj
                0x200021c8                __HeapLimit = .

.stack1_dummy   0x20040000        0x0
 *(.stack1*)

.stack_dummy    0x20041000      0x800
 *(.stack*)
 .stack         0x20041000      0x800 CMakeFiles/puzzle.dir/home/pi/pico/pico-sdk/src/rp2_common/pico_standard_link/crt0.S.obj

.flash_end      0x1000a91c        0x0
                0x1000a91c                __flash_binary_end = .
                0x20040000                __StackLimit = (ORIGIN (RAM) + LENGTH (RAM))
                0x20041000                __StackOneTop = (ORIGIN (SCRATCH_X) + LENGTH (SCRATCH_X))
                0x20042000                __StackTop = (ORIGIN (SCRATCH_Y) + LENGTH (SCRATCH_Y))
                0x20041000                __StackOneBottom = (__StackOneTop - SIZEOF (.stack1_dummy))
                0x20041800                __StackBottom = (__StackTop - SIZEOF (.stack_dummy))
                0x20042000                PROVIDE (__stack = __StackTop)
                0x00000001                ASSERT ((__StackLimit >= __HeapLimit), region RAM overflowed)
                0x00000001                ASSERT (((__binary_info_header_end - __logical_binary_start) <= 0x100), Binary info must be in first 256 bytes of the binary)
LOAD CMakeFiles/puzzle.dir/puzzle.c.obj
LOAD CMakeFiles/puzzle.dir/home/pi/pico/pico-sdk/src/rp2_common/pico_stdlib/stdlib.c.obj
LOAD CMakeFiles/puzzle.dir/home/pi/pico/pico-sdk/src/rp2_common/hardware_gpio/gpio.c.obj
LOAD CMakeFiles/puzzle.dir/home/pi/pico/pico-sdk/src/rp2_common/hardware_claim/claim.c.obj
LOAD CMakeFiles/puzzle.dir/home/pi/pico/pico-sdk/src/rp2_common/hardware_sync/sync.c.obj
LOAD CMakeFiles/puzzle.dir/home/pi/pico/pico-sdk/src/rp2_common/pico_platform/platform.c.obj
LOAD CMakeFiles/puzzle.dir/home/pi/pico/pico-sdk/src/rp2_common/hardware_uart/uart.c.obj
LOAD CMakeFiles/puzzle.dir/home/pi/pico/pico-sdk/src/rp2_common/hardware_divider/divider.S.obj
LOAD CMakeFiles/puzzle.dir/home/pi/pico/pico-sdk/src/common/pico_time/time.c.obj
LOAD CMakeFiles/puzzle.dir/home/pi/pico/pico-sdk/src/common/pico_time/timeout_helper.c.obj
LOAD CMakeFiles/puzzle.dir/home/pi/pico/pico-sdk/src/rp2_common/hardware_timer/timer.c.obj
LOAD CMakeFiles/puzzle.dir/home/pi/pico/pico-sdk/src/common/pico_sync/sem.c.obj
LOAD CMakeFiles/puzzle.dir/home/pi/pico/pico-sdk/src/common/pico_sync/lock_core.c.obj
LOAD CMakeFiles/puzzle.dir/home/pi/pico/pico-sdk/src/common/pico_sync/mutex.c.obj
LOAD CMakeFiles/puzzle.dir/home/pi/pico/pico-sdk/src/common/pico_sync/critical_section.c.obj
LOAD CMakeFiles/puzzle.dir/home/pi/pico/pico-sdk/src/common/pico_util/datetime.c.obj
LOAD CMakeFiles/puzzle.dir/home/pi/pico/pico-sdk/src/common/pico_util/pheap.c.obj
LOAD CMakeFiles/puzzle.dir/home/pi/pico/pico-sdk/src/common/pico_util/queue.c.obj
LOAD CMakeFiles/puzzle.dir/home/pi/pico/pico-sdk/src/rp2_common/pico_runtime/runtime.c.obj
LOAD CMakeFiles/puzzle.dir/home/pi/pico/pico-sdk/src/rp2_common/hardware_clocks/clocks.c.obj
LOAD CMakeFiles/puzzle.dir/home/pi/pico/pico-sdk/src/rp2_common/hardware_watchdog/watchdog.c.obj
LOAD CMakeFiles/puzzle.dir/home/pi/pico/pico-sdk/src/rp2_common/hardware_xosc/xosc.c.obj
LOAD CMakeFiles/puzzle.dir/home/pi/pico/pico-sdk/src/rp2_common/hardware_pll/pll.c.obj
LOAD CMakeFiles/puzzle.dir/home/pi/pico/pico-sdk/src/rp2_common/hardware_vreg/vreg.c.obj
LOAD CMakeFiles/puzzle.dir/home/pi/pico/pico-sdk/src/rp2_common/hardware_irq/irq.c.obj
LOAD CMakeFiles/puzzle.dir/home/pi/pico/pico-sdk/src/rp2_common/hardware_irq/irq_handler_chain.S.obj
LOAD CMakeFiles/puzzle.dir/home/pi/pico/pico-sdk/src/rp2_common/pico_printf/printf.c.obj
LOAD CMakeFiles/puzzle.dir/home/pi/pico/pico-sdk/src/rp2_common/pico_bit_ops/bit_ops_aeabi.S.obj
LOAD CMakeFiles/puzzle.dir/home/pi/pico/pico-sdk/src/rp2_common/pico_bootrom/bootrom.c.obj
LOAD CMakeFiles/puzzle.dir/home/pi/pico/pico-sdk/src/rp2_common/pico_divider/divider.S.obj
LOAD CMakeFiles/puzzle.dir/home/pi/pico/pico-sdk/src/rp2_common/pico_double/double_aeabi.S.obj
LOAD CMakeFiles/puzzle.dir/home/pi/pico/pico-sdk/src/rp2_common/pico_double/double_init_rom.c.obj
LOAD CMakeFiles/puzzle.dir/home/pi/pico/pico-sdk/src/rp2_common/pico_double/double_math.c.obj
LOAD CMakeFiles/puzzle.dir/home/pi/pico/pico-sdk/src/rp2_common/pico_double/double_v1_rom_shim.S.obj
LOAD CMakeFiles/puzzle.dir/home/pi/pico/pico-sdk/src/rp2_common/pico_int64_ops/pico_int64_ops_aeabi.S.obj
LOAD CMakeFiles/puzzle.dir/home/pi/pico/pico-sdk/src/rp2_common/pico_float/float_aeabi.S.obj
LOAD CMakeFiles/puzzle.dir/home/pi/pico/pico-sdk/src/rp2_common/pico_float/float_init_rom.c.obj
LOAD CMakeFiles/puzzle.dir/home/pi/pico/pico-sdk/src/rp2_common/pico_float/float_math.c.obj
LOAD CMakeFiles/puzzle.dir/home/pi/pico/pico-sdk/src/rp2_common/pico_float/float_v1_rom_shim.S.obj
LOAD CMakeFiles/puzzle.dir/home/pi/pico/pico-sdk/src/rp2_common/pico_malloc/pico_malloc.c.obj
LOAD CMakeFiles/puzzle.dir/home/pi/pico/pico-sdk/src/rp2_common/pico_mem_ops/mem_ops_aeabi.S.obj
LOAD CMakeFiles/puzzle.dir/home/pi/pico/pico-sdk/src/rp2_common/pico_standard_link/crt0.S.obj
LOAD CMakeFiles/puzzle.dir/home/pi/pico/pico-sdk/src/rp2_common/pico_standard_link/new_delete.cpp.obj
LOAD CMakeFiles/puzzle.dir/home/pi/pico/pico-sdk/src/rp2_common/pico_standard_link/binary_info.c.obj
LOAD CMakeFiles/puzzle.dir/home/pi/pico/pico-sdk/src/rp2_common/pico_stdio/stdio.c.obj
LOAD CMakeFiles/puzzle.dir/home/pi/pico/pico-sdk/src/rp2_common/pico_stdio_usb/stdio_usb.c.obj
LOAD CMakeFiles/puzzle.dir/home/pi/pico/pico-sdk/src/rp2_common/pico_stdio_usb/stdio_usb_descriptors.c.obj
LOAD CMakeFiles/puzzle.dir/home/pi/pico/pico-sdk/lib/tinyusb/src/portable/raspberrypi/rp2040/dcd_rp2040.c.obj
LOAD CMakeFiles/puzzle.dir/home/pi/pico/pico-sdk/lib/tinyusb/src/portable/raspberrypi/rp2040/rp2040_usb.c.obj
LOAD CMakeFiles/puzzle.dir/home/pi/pico/pico-sdk/lib/tinyusb/src/device/usbd.c.obj
LOAD CMakeFiles/puzzle.dir/home/pi/pico/pico-sdk/lib/tinyusb/src/device/usbd_control.c.obj
LOAD CMakeFiles/puzzle.dir/home/pi/pico/pico-sdk/lib/tinyusb/src/class/audio/audio_device.c.obj
LOAD CMakeFiles/puzzle.dir/home/pi/pico/pico-sdk/lib/tinyusb/src/class/cdc/cdc_device.c.obj
LOAD CMakeFiles/puzzle.dir/home/pi/pico/pico-sdk/lib/tinyusb/src/class/dfu/dfu_rt_device.c.obj
LOAD CMakeFiles/puzzle.dir/home/pi/pico/pico-sdk/lib/tinyusb/src/class/hid/hid_device.c.obj
LOAD CMakeFiles/puzzle.dir/home/pi/pico/pico-sdk/lib/tinyusb/src/class/midi/midi_device.c.obj
LOAD CMakeFiles/puzzle.dir/home/pi/pico/pico-sdk/lib/tinyusb/src/class/msc/msc_device.c.obj
LOAD CMakeFiles/puzzle.dir/home/pi/pico/pico-sdk/lib/tinyusb/src/class/net/net_device.c.obj
LOAD CMakeFiles/puzzle.dir/home/pi/pico/pico-sdk/lib/tinyusb/src/class/usbtmc/usbtmc_device.c.obj
LOAD CMakeFiles/puzzle.dir/home/pi/pico/pico-sdk/lib/tinyusb/src/class/vendor/vendor_device.c.obj
LOAD CMakeFiles/puzzle.dir/home/pi/pico/pico-sdk/lib/tinyusb/src/tusb.c.obj
LOAD CMakeFiles/puzzle.dir/home/pi/pico/pico-sdk/lib/tinyusb/src/common/tusb_fifo.c.obj
LOAD CMakeFiles/puzzle.dir/home/pi/pico/pico-sdk/src/rp2_common/pico_fix/rp2040_usb_device_enumeration/rp2040_usb_device_enumeration.c.obj
LOAD CMakeFiles/puzzle.dir/home/pi/pico/pico-sdk/src/rp2_common/hardware_adc/adc.c.obj
LOAD /tmp/ccObzMSN.o
LOAD /usr/lib/gcc/arm-none-eabi/7.3.1/../../../arm-none-eabi/lib/thumb/v6-m/libstdc++.a
LOAD /usr/lib/gcc/arm-none-eabi/7.3.1/../../../arm-none-eabi/lib/thumb/v6-m/libm.a
START GROUP
LOAD /usr/lib/gcc/arm-none-eabi/7.3.1/thumb/v6-m/libgcc.a
LOAD /usr/lib/gcc/arm-none-eabi/7.3.1/../../../arm-none-eabi/lib/thumb/v6-m/libc.a
END GROUP
START GROUP
LOAD /usr/lib/gcc/arm-none-eabi/7.3.1/thumb/v6-m/libgcc.a
LOAD /usr/lib/gcc/arm-none-eabi/7.3.1/../../../arm-none-eabi/lib/thumb/v6-m/libc.a
LOAD /usr/lib/gcc/arm-none-eabi/7.3.1/../../../arm-none-eabi/lib/thumb/v6-m/libnosys.a
END GROUP
LOAD /usr/lib/gcc/arm-none-eabi/7.3.1/thumb/v6-m/crtend.o
LOAD /usr/lib/gcc/arm-none-eabi/7.3.1/thumb/v6-m/crtn.o
OUTPUT(puzzle.elf elf32-littlearm)

.ARM.attributes
                0x00000000       0x28
 .ARM.attributes
                0x00000000       0x1e /usr/lib/gcc/arm-none-eabi/7.3.1/thumb/v6-m/crti.o
 .ARM.attributes
                0x0000001e       0x2c /usr/lib/gcc/arm-none-eabi/7.3.1/thumb/v6-m/crtbegin.o
 .ARM.attributes
                0x0000004a       0x32 CMakeFiles/puzzle.dir/puzzle.c.obj
 .ARM.attributes
                0x0000007c       0x32 CMakeFiles/puzzle.dir/home/pi/pico/pico-sdk/src/rp2_common/hardware_gpio/gpio.c.obj
 .ARM.attributes
                0x000000ae       0x32 CMakeFiles/puzzle.dir/home/pi/pico/pico-sdk/src/rp2_common/hardware_claim/claim.c.obj
 .ARM.attributes
                0x000000e0       0x32 CMakeFiles/puzzle.dir/home/pi/pico/pico-sdk/src/rp2_common/hardware_sync/sync.c.obj
 .ARM.attributes
                0x00000112       0x32 CMakeFiles/puzzle.dir/home/pi/pico/pico-sdk/src/rp2_common/pico_platform/platform.c.obj
 .ARM.attributes
                0x00000144       0x32 CMakeFiles/puzzle.dir/home/pi/pico/pico-sdk/src/common/pico_time/time.c.obj
 .ARM.attributes
                0x00000176       0x32 CMakeFiles/puzzle.dir/home/pi/pico/pico-sdk/src/rp2_common/hardware_timer/timer.c.obj
 .ARM.attributes
                0x000001a8       0x32 CMakeFiles/puzzle.dir/home/pi/pico/pico-sdk/src/common/pico_sync/lock_core.c.obj
 .ARM.attributes
                0x000001da       0x32 CMakeFiles/puzzle.dir/home/pi/pico/pico-sdk/src/common/pico_sync/mutex.c.obj
 .ARM.attributes
                0x0000020c       0x32 CMakeFiles/puzzle.dir/home/pi/pico/pico-sdk/src/common/pico_sync/critical_section.c.obj
 .ARM.attributes
                0x0000023e       0x32 CMakeFiles/puzzle.dir/home/pi/pico/pico-sdk/src/common/pico_util/pheap.c.obj
 .ARM.attributes
                0x00000270       0x32 CMakeFiles/puzzle.dir/home/pi/pico/pico-sdk/src/rp2_common/pico_runtime/runtime.c.obj
 .ARM.attributes
                0x000002a2       0x32 CMakeFiles/puzzle.dir/home/pi/pico/pico-sdk/src/rp2_common/hardware_clocks/clocks.c.obj
 .ARM.attributes
                0x000002d4       0x32 CMakeFiles/puzzle.dir/home/pi/pico/pico-sdk/src/rp2_common/hardware_watchdog/watchdog.c.obj
 .ARM.attributes
                0x00000306       0x32 CMakeFiles/puzzle.dir/home/pi/pico/pico-sdk/src/rp2_common/hardware_xosc/xosc.c.obj
 .ARM.attributes
                0x00000338       0x32 CMakeFiles/puzzle.dir/home/pi/pico/pico-sdk/src/rp2_common/hardware_pll/pll.c.obj
 .ARM.attributes
                0x0000036a       0x32 CMakeFiles/puzzle.dir/home/pi/pico/pico-sdk/src/rp2_common/hardware_irq/irq.c.obj
 .ARM.attributes
                0x0000039c       0x22 CMakeFiles/puzzle.dir/home/pi/pico/pico-sdk/src/rp2_common/hardware_irq/irq_handler_chain.S.obj
 .ARM.attributes
                0x000003be       0x32 CMakeFiles/puzzle.dir/home/pi/pico/pico-sdk/src/rp2_common/pico_printf/printf.c.obj
 .ARM.attributes
                0x000003f0       0x22 CMakeFiles/puzzle.dir/home/pi/pico/pico-sdk/src/rp2_common/pico_bit_ops/bit_ops_aeabi.S.obj
 .ARM.attributes
                0x00000412       0x32 CMakeFiles/puzzle.dir/home/pi/pico/pico-sdk/src/rp2_common/pico_bootrom/bootrom.c.obj
 .ARM.attributes
                0x00000444       0x22 CMakeFiles/puzzle.dir/home/pi/pico/pico-sdk/src/rp2_common/pico_divider/divider.S.obj
 .ARM.attributes
                0x00000466       0x22 CMakeFiles/puzzle.dir/home/pi/pico/pico-sdk/src/rp2_common/pico_double/double_aeabi.S.obj
 .ARM.attributes
                0x00000488       0x32 CMakeFiles/puzzle.dir/home/pi/pico/pico-sdk/src/rp2_common/pico_double/double_init_rom.c.obj
 .ARM.attributes
                0x000004ba       0x22 CMakeFiles/puzzle.dir/home/pi/pico/pico-sdk/src/rp2_common/pico_double/double_v1_rom_shim.S.obj
 .ARM.attributes
                0x000004dc       0x22 CMakeFiles/puzzle.dir/home/pi/pico/pico-sdk/src/rp2_common/pico_int64_ops/pico_int64_ops_aeabi.S.obj
 .ARM.attributes
                0x000004fe       0x22 CMakeFiles/puzzle.dir/home/pi/pico/pico-sdk/src/rp2_common/pico_float/float_aeabi.S.obj
 .ARM.attributes
                0x00000520       0x32 CMakeFiles/puzzle.dir/home/pi/pico/pico-sdk/src/rp2_common/pico_float/float_init_rom.c.obj
 .ARM.attributes
                0x00000552       0x22 CMakeFiles/puzzle.dir/home/pi/pico/pico-sdk/src/rp2_common/pico_float/float_v1_rom_shim.S.obj
 .ARM.attributes
                0x00000574       0x32 CMakeFiles/puzzle.dir/home/pi/pico/pico-sdk/src/rp2_common/pico_malloc/pico_malloc.c.obj
 .ARM.attributes
                0x000005a6       0x22 CMakeFiles/puzzle.dir/home/pi/pico/pico-sdk/src/rp2_common/pico_mem_ops/mem_ops_aeabi.S.obj
 .ARM.attributes
                0x000005c8       0x22 CMakeFiles/puzzle.dir/home/pi/pico/pico-sdk/src/rp2_common/pico_standard_link/crt0.S.obj
 .ARM.attributes
                0x000005ea       0x32 CMakeFiles/puzzle.dir/home/pi/pico/pico-sdk/src/rp2_common/pico_standard_link/binary_info.c.obj
 .ARM.attributes
                0x0000061c       0x32 CMakeFiles/puzzle.dir/home/pi/pico/pico-sdk/src/rp2_common/pico_stdio/stdio.c.obj
 .ARM.attributes
                0x0000064e       0x32 CMakeFiles/puzzle.dir/home/pi/pico/pico-sdk/src/rp2_common/pico_stdio_usb/stdio_usb.c.obj
 .ARM.attributes
                0x00000680       0x32 CMakeFiles/puzzle.dir/home/pi/pico/pico-sdk/src/rp2_common/pico_stdio_usb/stdio_usb_descriptors.c.obj
 .ARM.attributes
                0x000006b2       0x32 CMakeFiles/puzzle.dir/home/pi/pico/pico-sdk/lib/tinyusb/src/portable/raspberrypi/rp2040/dcd_rp2040.c.obj
 .ARM.attributes
                0x000006e4       0x32 CMakeFiles/puzzle.dir/home/pi/pico/pico-sdk/lib/tinyusb/src/portable/raspberrypi/rp2040/rp2040_usb.c.obj
 .ARM.attributes
                0x00000716       0x32 CMakeFiles/puzzle.dir/home/pi/pico/pico-sdk/lib/tinyusb/src/device/usbd.c.obj
 .ARM.attributes
                0x00000748       0x32 CMakeFiles/puzzle.dir/home/pi/pico/pico-sdk/lib/tinyusb/src/device/usbd_control.c.obj
 .ARM.attributes
                0x0000077a       0x32 CMakeFiles/puzzle.dir/home/pi/pico/pico-sdk/lib/tinyusb/src/class/cdc/cdc_device.c.obj
 .ARM.attributes
                0x000007ac       0x32 CMakeFiles/puzzle.dir/home/pi/pico/pico-sdk/lib/tinyusb/src/tusb.c.obj
 .ARM.attributes
                0x000007de       0x32 CMakeFiles/puzzle.dir/home/pi/pico/pico-sdk/lib/tinyusb/src/common/tusb_fifo.c.obj
 .ARM.attributes
                0x00000810       0x32 CMakeFiles/puzzle.dir/home/pi/pico/pico-sdk/src/rp2_common/hardware_adc/adc.c.obj
 .ARM.attributes
                0x00000842       0x22 /tmp/ccObzMSN.o
 .ARM.attributes
                0x00000864       0x1e /usr/lib/gcc/arm-none-eabi/7.3.1/thumb/v6-m/libgcc.a(_dvmd_tls.o)
 .ARM.attributes
                0x00000882       0x2c /usr/lib/gcc/arm-none-eabi/7.3.1/../../../arm-none-eabi/lib/thumb/v6-m/libc.a(lib_a-calloc.o)
 .ARM.attributes
                0x000008ae       0x2c /usr/lib/gcc/arm-none-eabi/7.3.1/../../../arm-none-eabi/lib/thumb/v6-m/libc.a(lib_a-callocr.o)
 .ARM.attributes
                0x000008da       0x2c /usr/lib/gcc/arm-none-eabi/7.3.1/../../../arm-none-eabi/lib/thumb/v6-m/libc.a(lib_a-impure.o)
 .ARM.attributes
                0x00000906       0x2c /usr/lib/gcc/arm-none-eabi/7.3.1/../../../arm-none-eabi/lib/thumb/v6-m/libc.a(lib_a-malloc.o)
 .ARM.attributes
                0x00000932       0x2c /usr/lib/gcc/arm-none-eabi/7.3.1/../../../arm-none-eabi/lib/thumb/v6-m/libc.a(lib_a-mallocr.o)
 .ARM.attributes
                0x0000095e       0x2c /usr/lib/gcc/arm-none-eabi/7.3.1/../../../arm-none-eabi/lib/thumb/v6-m/libc.a(lib_a-mlock.o)
 .ARM.attributes
                0x0000098a       0x2c /usr/lib/gcc/arm-none-eabi/7.3.1/../../../arm-none-eabi/lib/thumb/v6-m/libc.a(lib_a-sbrkr.o)
 .ARM.attributes
                0x000009b6       0x2c /usr/lib/gcc/arm-none-eabi/7.3.1/../../../arm-none-eabi/lib/thumb/v6-m/libc.a(lib_a-strlen-stub.o)
 .ARM.attributes
                0x000009e2       0x2c /usr/lib/gcc/arm-none-eabi/7.3.1/../../../arm-none-eabi/lib/thumb/v6-m/libc.a(lib_a-freer.o)
 .ARM.attributes
                0x00000a0e       0x2c /usr/lib/gcc/arm-none-eabi/7.3.1/../../../arm-none-eabi/lib/thumb/v6-m/libc.a(lib_a-reent.o)
 .ARM.attributes
                0x00000a3a       0x2c /usr/lib/gcc/arm-none-eabi/7.3.1/thumb/v6-m/crtend.o

.comment        0x00000000       0xae
 .comment       0x00000000       0x57 /usr/lib/gcc/arm-none-eabi/7.3.1/thumb/v6-m/crtbegin.o
                                 0x58 (size before relaxing)
 .comment       0x00000057       0x58 CMakeFiles/puzzle.dir/puzzle.c.obj
 .comment       0x00000057       0x58 CMakeFiles/puzzle.dir/home/pi/pico/pico-sdk/src/rp2_common/hardware_gpio/gpio.c.obj
 .comment       0x00000057       0x58 CMakeFiles/puzzle.dir/home/pi/pico/pico-sdk/src/rp2_common/hardware_claim/claim.c.obj
 .comment       0x00000057       0x58 CMakeFiles/puzzle.dir/home/pi/pico/pico-sdk/src/rp2_common/hardware_sync/sync.c.obj
 .comment       0x00000057       0x58 CMakeFiles/puzzle.dir/home/pi/pico/pico-sdk/src/rp2_common/pico_platform/platform.c.obj
 .comment       0x00000057       0x58 CMakeFiles/puzzle.dir/home/pi/pico/pico-sdk/src/common/pico_time/time.c.obj
 .comment       0x00000057       0x58 CMakeFiles/puzzle.dir/home/pi/pico/pico-sdk/src/rp2_common/hardware_timer/timer.c.obj
 .comment       0x00000057       0x58 CMakeFiles/puzzle.dir/home/pi/pico/pico-sdk/src/common/pico_sync/lock_core.c.obj
 .comment       0x00000057       0x58 CMakeFiles/puzzle.dir/home/pi/pico/pico-sdk/src/common/pico_sync/mutex.c.obj
 .comment       0x00000057       0x58 CMakeFiles/puzzle.dir/home/pi/pico/pico-sdk/src/common/pico_sync/critical_section.c.obj
 .comment       0x00000057       0x58 CMakeFiles/puzzle.dir/home/pi/pico/pico-sdk/src/common/pico_util/pheap.c.obj
 .comment       0x00000057       0x58 CMakeFiles/puzzle.dir/home/pi/pico/pico-sdk/src/rp2_common/pico_runtime/runtime.c.obj
 .comment       0x00000057       0x58 CMakeFiles/puzzle.dir/home/pi/pico/pico-sdk/src/rp2_common/hardware_clocks/clocks.c.obj
 .comment       0x00000057       0x58 CMakeFiles/puzzle.dir/home/pi/pico/pico-sdk/src/rp2_common/hardware_watchdog/watchdog.c.obj
 .comment       0x00000057       0x58 CMakeFiles/puzzle.dir/home/pi/pico/pico-sdk/src/rp2_common/hardware_xosc/xosc.c.obj
 .comment       0x00000057       0x58 CMakeFiles/puzzle.dir/home/pi/pico/pico-sdk/src/rp2_common/hardware_pll/pll.c.obj
 .comment       0x00000057       0x58 CMakeFiles/puzzle.dir/home/pi/pico/pico-sdk/src/rp2_common/hardware_irq/irq.c.obj
 .comment       0x00000057       0x58 CMakeFiles/puzzle.dir/home/pi/pico/pico-sdk/src/rp2_common/pico_printf/printf.c.obj
 .comment       0x00000057       0x58 CMakeFiles/puzzle.dir/home/pi/pico/pico-sdk/src/rp2_common/pico_bootrom/bootrom.c.obj
 .comment       0x00000057       0x58 CMakeFiles/puzzle.dir/home/pi/pico/pico-sdk/src/rp2_common/pico_double/double_init_rom.c.obj
 .comment       0x00000057       0x58 CMakeFiles/puzzle.dir/home/pi/pico/pico-sdk/src/rp2_common/pico_float/float_init_rom.c.obj
 .comment       0x00000057       0x58 CMakeFiles/puzzle.dir/home/pi/pico/pico-sdk/src/rp2_common/pico_malloc/pico_malloc.c.obj
 .comment       0x00000057       0x58 CMakeFiles/puzzle.dir/home/pi/pico/pico-sdk/src/rp2_common/pico_standard_link/binary_info.c.obj
 .comment       0x00000057       0x58 CMakeFiles/puzzle.dir/home/pi/pico/pico-sdk/src/rp2_common/pico_stdio/stdio.c.obj
 .comment       0x00000057       0x58 CMakeFiles/puzzle.dir/home/pi/pico/pico-sdk/src/rp2_common/pico_stdio_usb/stdio_usb.c.obj
 .comment       0x00000057       0x58 CMakeFiles/puzzle.dir/home/pi/pico/pico-sdk/src/rp2_common/pico_stdio_usb/stdio_usb_descriptors.c.obj
 .comment       0x00000057       0x58 CMakeFiles/puzzle.dir/home/pi/pico/pico-sdk/lib/tinyusb/src/portable/raspberrypi/rp2040/dcd_rp2040.c.obj
 .comment       0x00000057       0x58 CMakeFiles/puzzle.dir/home/pi/pico/pico-sdk/lib/tinyusb/src/portable/raspberrypi/rp2040/rp2040_usb.c.obj
 .comment       0x00000057       0x58 CMakeFiles/puzzle.dir/home/pi/pico/pico-sdk/lib/tinyusb/src/device/usbd.c.obj
 .comment       0x00000057       0x58 CMakeFiles/puzzle.dir/home/pi/pico/pico-sdk/lib/tinyusb/src/device/usbd_control.c.obj
 .comment       0x00000057       0x58 CMakeFiles/puzzle.dir/home/pi/pico/pico-sdk/lib/tinyusb/src/class/cdc/cdc_device.c.obj
 .comment       0x00000057       0x58 CMakeFiles/puzzle.dir/home/pi/pico/pico-sdk/lib/tinyusb/src/tusb.c.obj
 .comment       0x00000057       0x58 CMakeFiles/puzzle.dir/home/pi/pico/pico-sdk/lib/tinyusb/src/common/tusb_fifo.c.obj
 .comment       0x00000057       0x58 CMakeFiles/puzzle.dir/home/pi/pico/pico-sdk/src/rp2_common/hardware_adc/adc.c.obj
 .comment       0x00000057       0x57 /usr/lib/gcc/arm-none-eabi/7.3.1/../../../arm-none-eabi/lib/thumb/v6-m/libc.a(lib_a-calloc.o)
                                 0x58 (size before relaxing)
 .comment       0x000000ae       0x58 /usr/lib/gcc/arm-none-eabi/7.3.1/../../../arm-none-eabi/lib/thumb/v6-m/libc.a(lib_a-callocr.o)
 .comment       0x000000ae       0x58 /usr/lib/gcc/arm-none-eabi/7.3.1/../../../arm-none-eabi/lib/thumb/v6-m/libc.a(lib_a-impure.o)
 .comment       0x000000ae       0x58 /usr/lib/gcc/arm-none-eabi/7.3.1/../../../arm-none-eabi/lib/thumb/v6-m/libc.a(lib_a-malloc.o)
 .comment       0x000000ae       0x58 /usr/lib/gcc/arm-none-eabi/7.3.1/../../../arm-none-eabi/lib/thumb/v6-m/libc.a(lib_a-mallocr.o)
 .comment       0x000000ae       0x58 /usr/lib/gcc/arm-none-eabi/7.3.1/../../../arm-none-eabi/lib/thumb/v6-m/libc.a(lib_a-mlock.o)
 .comment       0x000000ae       0x58 /usr/lib/gcc/arm-none-eabi/7.3.1/../../../arm-none-eabi/lib/thumb/v6-m/libc.a(lib_a-sbrkr.o)
 .comment       0x000000ae       0x58 /usr/lib/gcc/arm-none-eabi/7.3.1/../../../arm-none-eabi/lib/thumb/v6-m/libc.a(lib_a-strlen-stub.o)
 .comment       0x000000ae       0x58 /usr/lib/gcc/arm-none-eabi/7.3.1/../../../arm-none-eabi/lib/thumb/v6-m/libc.a(lib_a-freer.o)
 .comment       0x000000ae       0x58 /usr/lib/gcc/arm-none-eabi/7.3.1/../../../arm-none-eabi/lib/thumb/v6-m/libc.a(lib_a-reent.o)
 .comment       0x000000ae       0x58 /usr/lib/gcc/arm-none-eabi/7.3.1/thumb/v6-m/crtend.o

.debug_line     0x00000000      0xef4
 .debug_line    0x00000000       0x5d /usr/lib/gcc/arm-none-eabi/7.3.1/thumb/v6-m/libgcc.a(_dvmd_tls.o)
 .debug_line    0x0000005d      0x11e /usr/lib/gcc/arm-none-eabi/7.3.1/../../../arm-none-eabi/lib/thumb/v6-m/libc.a(lib_a-calloc.o)
 .debug_line    0x0000017b      0x12b /usr/lib/gcc/arm-none-eabi/7.3.1/../../../arm-none-eabi/lib/thumb/v6-m/libc.a(lib_a-callocr.o)
 .debug_line    0x000002a6       0xd4 /usr/lib/gcc/arm-none-eabi/7.3.1/../../../arm-none-eabi/lib/thumb/v6-m/libc.a(lib_a-impure.o)
 .debug_line    0x0000037a      0x130 /usr/lib/gcc/arm-none-eabi/7.3.1/../../../arm-none-eabi/lib/thumb/v6-m/libc.a(lib_a-malloc.o)
 .debug_line    0x000004aa      0x36d /usr/lib/gcc/arm-none-eabi/7.3.1/../../../arm-none-eabi/lib/thumb/v6-m/libc.a(lib_a-mallocr.o)
 .debug_line    0x00000817      0x11a /usr/lib/gcc/arm-none-eabi/7.3.1/../../../arm-none-eabi/lib/thumb/v6-m/libc.a(lib_a-mlock.o)
 .debug_line    0x00000931      0x132 /usr/lib/gcc/arm-none-eabi/7.3.1/../../../arm-none-eabi/lib/thumb/v6-m/libc.a(lib_a-sbrkr.o)
 .debug_line    0x00000a63      0x146 /usr/lib/gcc/arm-none-eabi/7.3.1/../../../arm-none-eabi/lib/thumb/v6-m/libc.a(lib_a-strlen-stub.o)
 .debug_line    0x00000ba9      0x200 /usr/lib/gcc/arm-none-eabi/7.3.1/../../../arm-none-eabi/lib/thumb/v6-m/libc.a(lib_a-freer.o)
 .debug_line    0x00000da9      0x14b /usr/lib/gcc/arm-none-eabi/7.3.1/../../../arm-none-eabi/lib/thumb/v6-m/libc.a(lib_a-reent.o)

.debug_info     0x00000000     0x65f9
 .debug_info    0x00000000       0x26 /usr/lib/gcc/arm-none-eabi/7.3.1/thumb/v6-m/libgcc.a(_dvmd_tls.o)
 .debug_info    0x00000026      0x8fa /usr/lib/gcc/arm-none-eabi/7.3.1/../../../arm-none-eabi/lib/thumb/v6-m/libc.a(lib_a-calloc.o)
 .debug_info    0x00000920      0xb5d /usr/lib/gcc/arm-none-eabi/7.3.1/../../../arm-none-eabi/lib/thumb/v6-m/libc.a(lib_a-callocr.o)
 .debug_info    0x0000147d      0x8a9 /usr/lib/gcc/arm-none-eabi/7.3.1/../../../arm-none-eabi/lib/thumb/v6-m/libc.a(lib_a-impure.o)
 .debug_info    0x00001d26      0x926 /usr/lib/gcc/arm-none-eabi/7.3.1/../../../arm-none-eabi/lib/thumb/v6-m/libc.a(lib_a-malloc.o)
 .debug_info    0x0000264c      0xde7 /usr/lib/gcc/arm-none-eabi/7.3.1/../../../arm-none-eabi/lib/thumb/v6-m/libc.a(lib_a-mallocr.o)
 .debug_info    0x00003433      0x8dc /usr/lib/gcc/arm-none-eabi/7.3.1/../../../arm-none-eabi/lib/thumb/v6-m/libc.a(lib_a-mlock.o)
 .debug_info    0x00003d0f      0x95f /usr/lib/gcc/arm-none-eabi/7.3.1/../../../arm-none-eabi/lib/thumb/v6-m/libc.a(lib_a-sbrkr.o)
 .debug_info    0x0000466e      0x8e2 /usr/lib/gcc/arm-none-eabi/7.3.1/../../../arm-none-eabi/lib/thumb/v6-m/libc.a(lib_a-strlen-stub.o)
 .debug_info    0x00004f50      0xc97 /usr/lib/gcc/arm-none-eabi/7.3.1/../../../arm-none-eabi/lib/thumb/v6-m/libc.a(lib_a-freer.o)
 .debug_info    0x00005be7      0xa12 /usr/lib/gcc/arm-none-eabi/7.3.1/../../../arm-none-eabi/lib/thumb/v6-m/libc.a(lib_a-reent.o)

.debug_abbrev   0x00000000     0x151f
 .debug_abbrev  0x00000000       0x14 /usr/lib/gcc/arm-none-eabi/7.3.1/thumb/v6-m/libgcc.a(_dvmd_tls.o)
 .debug_abbrev  0x00000014      0x1f1 /usr/lib/gcc/arm-none-eabi/7.3.1/../../../arm-none-eabi/lib/thumb/v6-m/libc.a(lib_a-calloc.o)
 .debug_abbrev  0x00000205      0x235 /usr/lib/gcc/arm-none-eabi/7.3.1/../../../arm-none-eabi/lib/thumb/v6-m/libc.a(lib_a-callocr.o)
 .debug_abbrev  0x0000043a      0x192 /usr/lib/gcc/arm-none-eabi/7.3.1/../../../arm-none-eabi/lib/thumb/v6-m/libc.a(lib_a-impure.o)
 .debug_abbrev  0x000005cc      0x1fc /usr/lib/gcc/arm-none-eabi/7.3.1/../../../arm-none-eabi/lib/thumb/v6-m/libc.a(lib_a-malloc.o)
 .debug_abbrev  0x000007c8      0x2cd /usr/lib/gcc/arm-none-eabi/7.3.1/../../../arm-none-eabi/lib/thumb/v6-m/libc.a(lib_a-mallocr.o)
 .debug_abbrev  0x00000a95      0x1d7 /usr/lib/gcc/arm-none-eabi/7.3.1/../../../arm-none-eabi/lib/thumb/v6-m/libc.a(lib_a-mlock.o)
 .debug_abbrev  0x00000c6c      0x215 /usr/lib/gcc/arm-none-eabi/7.3.1/../../../arm-none-eabi/lib/thumb/v6-m/libc.a(lib_a-sbrkr.o)
 .debug_abbrev  0x00000e81      0x1b8 /usr/lib/gcc/arm-none-eabi/7.3.1/../../../arm-none-eabi/lib/thumb/v6-m/libc.a(lib_a-strlen-stub.o)
 .debug_abbrev  0x00001039      0x273 /usr/lib/gcc/arm-none-eabi/7.3.1/../../../arm-none-eabi/lib/thumb/v6-m/libc.a(lib_a-freer.o)
 .debug_abbrev  0x000012ac      0x273 /usr/lib/gcc/arm-none-eabi/7.3.1/../../../arm-none-eabi/lib/thumb/v6-m/libc.a(lib_a-reent.o)

.debug_aranges  0x00000000      0x158
 .debug_aranges
                0x00000000       0x20 /usr/lib/gcc/arm-none-eabi/7.3.1/thumb/v6-m/libgcc.a(_dvmd_tls.o)
 .debug_aranges
                0x00000020       0x20 /usr/lib/gcc/arm-none-eabi/7.3.1/../../../arm-none-eabi/lib/thumb/v6-m/libc.a(lib_a-calloc.o)
 .debug_aranges
                0x00000040       0x20 /usr/lib/gcc/arm-none-eabi/7.3.1/../../../arm-none-eabi/lib/thumb/v6-m/libc.a(lib_a-callocr.o)
 .debug_aranges
                0x00000060       0x18 /usr/lib/gcc/arm-none-eabi/7.3.1/../../../arm-none-eabi/lib/thumb/v6-m/libc.a(lib_a-impure.o)
 .debug_aranges
                0x00000078       0x20 /usr/lib/gcc/arm-none-eabi/7.3.1/../../../arm-none-eabi/lib/thumb/v6-m/libc.a(lib_a-malloc.o)
 .debug_aranges
                0x00000098       0x20 /usr/lib/gcc/arm-none-eabi/7.3.1/../../../arm-none-eabi/lib/thumb/v6-m/libc.a(lib_a-mallocr.o)
 .debug_aranges
                0x000000b8       0x20 /usr/lib/gcc/arm-none-eabi/7.3.1/../../../arm-none-eabi/lib/thumb/v6-m/libc.a(lib_a-mlock.o)
 .debug_aranges
                0x000000d8       0x20 /usr/lib/gcc/arm-none-eabi/7.3.1/../../../arm-none-eabi/lib/thumb/v6-m/libc.a(lib_a-sbrkr.o)
 .debug_aranges
                0x000000f8       0x20 /usr/lib/gcc/arm-none-eabi/7.3.1/../../../arm-none-eabi/lib/thumb/v6-m/libc.a(lib_a-strlen-stub.o)
 .debug_aranges
                0x00000118       0x20 /usr/lib/gcc/arm-none-eabi/7.3.1/../../../arm-none-eabi/lib/thumb/v6-m/libc.a(lib_a-freer.o)
 .debug_aranges
                0x00000138       0x20 /usr/lib/gcc/arm-none-eabi/7.3.1/../../../arm-none-eabi/lib/thumb/v6-m/libc.a(lib_a-reent.o)

.debug_str      0x00000000      0xac7
 .debug_str     0x00000000       0x9d /usr/lib/gcc/arm-none-eabi/7.3.1/thumb/v6-m/libgcc.a(_dvmd_tls.o)
 .debug_str     0x0000009d      0x525 /usr/lib/gcc/arm-none-eabi/7.3.1/../../../arm-none-eabi/lib/thumb/v6-m/libc.a(lib_a-calloc.o)
                                0x5a1 (size before relaxing)
 .debug_str     0x000005c2      0x192 /usr/lib/gcc/arm-none-eabi/7.3.1/../../../arm-none-eabi/lib/thumb/v6-m/libc.a(lib_a-callocr.o)
                                0x710 (size before relaxing)
 .debug_str     0x00000754       0x83 /usr/lib/gcc/arm-none-eabi/7.3.1/../../../arm-none-eabi/lib/thumb/v6-m/libc.a(lib_a-impure.o)
                                0x584 (size before relaxing)
 .debug_str     0x000007d7       0x4a /usr/lib/gcc/arm-none-eabi/7.3.1/../../../arm-none-eabi/lib/thumb/v6-m/libc.a(lib_a-malloc.o)
                                0x5b5 (size before relaxing)
 .debug_str     0x00000821       0xe5 /usr/lib/gcc/arm-none-eabi/7.3.1/../../../arm-none-eabi/lib/thumb/v6-m/libc.a(lib_a-mallocr.o)
                                0x7ec (size before relaxing)
 .debug_str     0x00000906       0x49 /usr/lib/gcc/arm-none-eabi/7.3.1/../../../arm-none-eabi/lib/thumb/v6-m/libc.a(lib_a-mlock.o)
                                0x5b0 (size before relaxing)
 .debug_str     0x0000094f       0x44 /usr/lib/gcc/arm-none-eabi/7.3.1/../../../arm-none-eabi/lib/thumb/v6-m/libc.a(lib_a-sbrkr.o)
                                0x5c7 (size before relaxing)
 .debug_str     0x00000993       0xa5 /usr/lib/gcc/arm-none-eabi/7.3.1/../../../arm-none-eabi/lib/thumb/v6-m/libc.a(lib_a-strlen-stub.o)
                                0x5ad (size before relaxing)
 .debug_str     0x00000a38       0x34 /usr/lib/gcc/arm-none-eabi/7.3.1/../../../arm-none-eabi/lib/thumb/v6-m/libc.a(lib_a-freer.o)
                                0x765 (size before relaxing)
 .debug_str     0x00000a6c       0x5b /usr/lib/gcc/arm-none-eabi/7.3.1/../../../arm-none-eabi/lib/thumb/v6-m/libc.a(lib_a-reent.o)
                                0x5c0 (size before relaxing)
